============================= test session starts ==============================
platform linux -- Python 3.12.3, pytest-9.1.1, pluggy-1.6.0
benchmark: 5.2.3 (defaults: timer=time.perf_counter disable_gc=False min_rounds=5 min_time=0.000005 max_time=1.0 calibration_precision=10 warmup=False warmup_iterations=100000)
rootdir: /tmp/ir-release-datasets-20261001
configfile: pytest.ini (WARNING: ignoring pytest config in pyproject.toml!)
plugins: mock-3.15.1, xdist-3.8.0, benchmark-5.2.3, cov-7.1.0, base-url-2.1.0, trio-0.8.0, typeguard-4.5.2, env-1.7.0, hypothesis-6.152.1, playwright-0.8.0, timeout-2.4.0
asyncio: mode=Mode.STRICT, debug=False, asyncio_default_fixture_loop_scope=function, asyncio_default_test_loop_scope=function
collected 9 items

tests/integration/logic/software_contracts/test_codebase_training_lifecycle.py . [ 11%]
.F....F.                                                                 [100%]

=================================== FAILURES ===================================
_ test_actual_source_change_supersedes_running_child_without_model_attachment __
tests/integration/logic/software_contracts/test_codebase_training_lifecycle.py:195: in test_actual_source_change_supersedes_running_child_without_model_attachment
    result = future.result(timeout=40)
             ^^^^^^^^^^^^^^^^^^^^^^^^^
/usr/lib/python3.12/concurrent/futures/_base.py:456: in result
    return self.__get_result()
           ^^^^^^^^^^^^^^^^^^^
/usr/lib/python3.12/concurrent/futures/_base.py:401: in __get_result
    raise self._exception
/usr/lib/python3.12/concurrent/futures/thread.py:58: in run
    result = self.fn(*self.args, **self.kwargs)
             ^^^^^^^^^^^^^^^^^^^^^^^^^^^^^^^^^^
tests/integration/logic/software_contracts/test_codebase_training_lifecycle.py:109: in execute
    result = lifecycle.execute_job(job, **phase.native_options())
             ^^^^^^^^^^^^^^^^^^^^^^^^^^^^^^^^^^^^^^^^^^^^^^^^^^^^
ipfs_datasets_py/logic/software_contracts/codebase_training_lifecycle.py:193: in execute_job
    result = generation.adapt_current_source384(state["index"], state["repository"],
ipfs_datasets_py/logic/software_contracts/codebase_model_generation.py:138: in adapt_current_source384
    result = source384.train_current_source384(index, repository, expected_head=expected_head,
ipfs_datasets_py/logic/software_contracts/codebase_source_384.py:366: in train_current_source384
    observe()
ipfs_datasets_py/logic/software_contracts/codebase_source_384.py:338: in observe
    index.observe_current(repository, expected_head=expected_head, parent_lease=lease,
ipfs_datasets_py/logic/software_contracts/codebase_ir.py:446: in observe_current
    with acquire_codebase_resources(
/usr/lib/python3.12/contextlib.py:137: in __enter__
    return next(self.gen)
           ^^^^^^^^^^^^^^
ipfs_datasets_py/logic/software_contracts/codebase_resources.py:75: in acquire_codebase_resources
    lease = parent_lease.acquire_child(**request)
            ^^^^^^^^^^^^^^^^^^^^^^^^^^^^^^^^^^^^^
ipfs_datasets_py/optimizers/logic_theorem_optimizer/resource_scheduler.py:720: in acquire_child
    return self._scheduler.acquire(
ipfs_datasets_py/optimizers/logic_theorem_optimizer/resource_scheduler.py:1502: in acquire
    raise LeaseTimeoutError("timed out waiting for a resource lease")
E   ipfs_datasets_py.optimizers.logic_theorem_optimizer.resource_scheduler.LeaseTimeoutError: timed out waiting for a resource lease
----------------------------- Captured stdout call -----------------------------
logic tree pin compiler=/tmp/ir-release-datasets-20261001/ipfs_datasets_py/logic/legal_ir/canonical_compiler.py decompiler=/tmp/ir-release-datasets-20261001/ipfs_datasets_py/logic/legal_ir/canonical_decompiler.py parser=/tmp/ir-release-datasets-20261001/ipfs_datasets_py/logic/deontic/utils/deontic_parser.py
logic tree pin compiler=/tmp/ir-release-datasets-20261001/ipfs_datasets_py/logic/legal_ir/canonical_compiler.py decompiler=/tmp/ir-release-datasets-20261001/ipfs_datasets_py/logic/legal_ir/canonical_decompiler.py parser=/tmp/ir-release-datasets-20261001/ipfs_datasets_py/logic/deontic/utils/deontic_parser.py
logic tree pin compiler=/tmp/ir-release-datasets-20261001/ipfs_datasets_py/logic/legal_ir/canonical_compiler.py decompiler=/tmp/ir-release-datasets-20261001/ipfs_datasets_py/logic/legal_ir/canonical_decompiler.py parser=/tmp/ir-release-datasets-20261001/ipfs_datasets_py/logic/deontic/utils/deontic_parser.py
logic tree pin compiler=/tmp/ir-release-datasets-20261001/ipfs_datasets_py/logic/legal_ir/canonical_compiler.py decompiler=/tmp/ir-release-datasets-20261001/ipfs_datasets_py/logic/legal_ir/canonical_decompiler.py parser=/tmp/ir-release-datasets-20261001/ipfs_datasets_py/logic/deontic/utils/deontic_parser.py
logic tree pin compiler=/tmp/ir-release-datasets-20261001/ipfs_datasets_py/logic/legal_ir/canonical_compiler.py decompiler=/tmp/ir-release-datasets-20261001/ipfs_datasets_py/logic/legal_ir/canonical_decompiler.py parser=/tmp/ir-release-datasets-20261001/ipfs_datasets_py/logic/deontic/utils/deontic_parser.py
logic tree pin compiler=/tmp/ir-release-datasets-20261001/ipfs_datasets_py/logic/legal_ir/canonical_compiler.py decompiler=/tmp/ir-release-datasets-20261001/ipfs_datasets_py/logic/legal_ir/canonical_decompiler.py parser=/tmp/ir-release-datasets-20261001/ipfs_datasets_py/logic/deontic/utils/deontic_parser.py
logic tree pin compiler=/tmp/ir-release-datasets-20261001/ipfs_datasets_py/logic/legal_ir/canonical_compiler.py decompiler=/tmp/ir-release-datasets-20261001/ipfs_datasets_py/logic/legal_ir/canonical_decompiler.py parser=/tmp/ir-release-datasets-20261001/ipfs_datasets_py/logic/deontic/utils/deontic_parser.py
logic tree pin compiler=/tmp/ir-release-datasets-20261001/ipfs_datasets_py/logic/legal_ir/canonical_compiler.py decompiler=/tmp/ir-release-datasets-20261001/ipfs_datasets_py/logic/legal_ir/canonical_decompiler.py parser=/tmp/ir-release-datasets-20261001/ipfs_datasets_py/logic/deontic/utils/deontic_parser.py
logic tree pin compiler=/tmp/ir-release-datasets-20261001/ipfs_datasets_py/logic/legal_ir/canonical_compiler.py decompiler=/tmp/ir-release-datasets-20261001/ipfs_datasets_py/logic/legal_ir/canonical_decompiler.py parser=/tmp/ir-release-datasets-20261001/ipfs_datasets_py/logic/deontic/utils/deontic_parser.py
logic tree pin compiler=/tmp/ir-release-datasets-20261001/ipfs_datasets_py/logic/legal_ir/canonical_compiler.py decompiler=/tmp/ir-release-datasets-20261001/ipfs_datasets_py/logic/legal_ir/canonical_decompiler.py parser=/tmp/ir-release-datasets-20261001/ipfs_datasets_py/logic/deontic/utils/deontic_parser.py
logic tree pin compiler=/tmp/ir-release-datasets-20261001/ipfs_datasets_py/logic/legal_ir/canonical_compiler.py decompiler=/tmp/ir-release-datasets-20261001/ipfs_datasets_py/logic/legal_ir/canonical_decompiler.py parser=/tmp/ir-release-datasets-20261001/ipfs_datasets_py/logic/deontic/utils/deontic_parser.py
logic tree pin compiler=/tmp/ir-release-datasets-20261001/ipfs_datasets_py/logic/legal_ir/canonical_compiler.py decompiler=/tmp/ir-release-datasets-20261001/ipfs_datasets_py/logic/legal_ir/canonical_decompiler.py parser=/tmp/ir-release-datasets-20261001/ipfs_datasets_py/logic/deontic/utils/deontic_parser.py
logic tree pin compiler=/tmp/ir-release-datasets-20261001/ipfs_datasets_py/logic/legal_ir/canonical_compiler.py decompiler=/tmp/ir-release-datasets-20261001/ipfs_datasets_py/logic/legal_ir/canonical_decompiler.py parser=/tmp/ir-release-datasets-20261001/ipfs_datasets_py/logic/deontic/utils/deontic_parser.py
logic tree pin compiler=/tmp/ir-release-datasets-20261001/ipfs_datasets_py/logic/legal_ir/canonical_compiler.py decompiler=/tmp/ir-release-datasets-20261001/ipfs_datasets_py/logic/legal_ir/canonical_decompiler.py parser=/tmp/ir-release-datasets-20261001/ipfs_datasets_py/logic/deontic/utils/deontic_parser.py
logic tree pin compiler=/tmp/ir-release-datasets-20261001/ipfs_datasets_py/logic/legal_ir/canonical_compiler.py decompiler=/tmp/ir-release-datasets-20261001/ipfs_datasets_py/logic/legal_ir/canonical_decompiler.py parser=/tmp/ir-release-datasets-20261001/ipfs_datasets_py/logic/deontic/utils/deontic_parser.py
logic tree pin compiler=/tmp/ir-release-datasets-20261001/ipfs_datasets_py/logic/legal_ir/canonical_compiler.py decompiler=/tmp/ir-release-datasets-20261001/ipfs_datasets_py/logic/legal_ir/canonical_decompiler.py parser=/tmp/ir-release-datasets-20261001/ipfs_datasets_py/logic/deontic/utils/deontic_parser.py
logic tree pin compiler=/tmp/ir-release-datasets-20261001/ipfs_datasets_py/logic/legal_ir/canonical_compiler.py decompiler=/tmp/ir-release-datasets-20261001/ipfs_datasets_py/logic/legal_ir/canonical_decompiler.py parser=/tmp/ir-release-datasets-20261001/ipfs_datasets_py/logic/deontic/utils/deontic_parser.py
logic tree pin compiler=/tmp/ir-release-datasets-20261001/ipfs_datasets_py/logic/legal_ir/canonical_compiler.py decompiler=/tmp/ir-release-datasets-20261001/ipfs_datasets_py/logic/legal_ir/canonical_decompiler.py parser=/tmp/ir-release-datasets-20261001/ipfs_datasets_py/logic/deontic/utils/deontic_parser.py
logic tree pin compiler=/tmp/ir-release-datasets-20261001/ipfs_datasets_py/logic/legal_ir/canonical_compiler.py decompiler=/tmp/ir-release-datasets-20261001/ipfs_datasets_py/logic/legal_ir/canonical_decompiler.py parser=/tmp/ir-release-datasets-20261001/ipfs_datasets_py/logic/deontic/utils/deontic_parser.py
logic tree pin compiler=/tmp/ir-release-datasets-20261001/ipfs_datasets_py/logic/legal_ir/canonical_compiler.py decompiler=/tmp/ir-release-datasets-20261001/ipfs_datasets_py/logic/legal_ir/canonical_decompiler.py parser=/tmp/ir-release-datasets-20261001/ipfs_datasets_py/logic/deontic/utils/deontic_parser.py
logic tree pin compiler=/tmp/ir-release-datasets-20261001/ipfs_datasets_py/logic/legal_ir/canonical_compiler.py decompiler=/tmp/ir-release-datasets-20261001/ipfs_datasets_py/logic/legal_ir/canonical_decompiler.py parser=/tmp/ir-release-datasets-20261001/ipfs_datasets_py/logic/deontic/utils/deontic_parser.py
logic tree pin compiler=/tmp/ir-release-datasets-20261001/ipfs_datasets_py/logic/legal_ir/canonical_compiler.py decompiler=/tmp/ir-release-datasets-20261001/ipfs_datasets_py/logic/legal_ir/canonical_decompiler.py parser=/tmp/ir-release-datasets-20261001/ipfs_datasets_py/logic/deontic/utils/deontic_parser.py
logic tree pin compiler=/tmp/ir-release-datasets-20261001/ipfs_datasets_py/logic/legal_ir/canonical_compiler.py decompiler=/tmp/ir-release-datasets-20261001/ipfs_datasets_py/logic/legal_ir/canonical_decompiler.py parser=/tmp/ir-release-datasets-20261001/ipfs_datasets_py/logic/deontic/utils/deontic_parser.py
logic tree pin compiler=/tmp/ir-release-datasets-20261001/ipfs_datasets_py/logic/legal_ir/canonical_compiler.py decompiler=/tmp/ir-release-datasets-20261001/ipfs_datasets_py/logic/legal_ir/canonical_decompiler.py parser=/tmp/ir-release-datasets-20261001/ipfs_datasets_py/logic/deontic/utils/deontic_parser.py
logic tree pin compiler=/tmp/ir-release-datasets-20261001/ipfs_datasets_py/logic/legal_ir/canonical_compiler.py decompiler=/tmp/ir-release-datasets-20261001/ipfs_datasets_py/logic/legal_ir/canonical_decompiler.py parser=/tmp/ir-release-datasets-20261001/ipfs_datasets_py/logic/deontic/utils/deontic_parser.py
logic tree pin compiler=/tmp/ir-release-datasets-20261001/ipfs_datasets_py/logic/legal_ir/canonical_compiler.py decompiler=/tmp/ir-release-datasets-20261001/ipfs_datasets_py/logic/legal_ir/canonical_decompiler.py parser=/tmp/ir-release-datasets-20261001/ipfs_datasets_py/logic/deontic/utils/deontic_parser.py
logic tree pin compiler=/tmp/ir-release-datasets-20261001/ipfs_datasets_py/logic/legal_ir/canonical_compiler.py decompiler=/tmp/ir-release-datasets-20261001/ipfs_datasets_py/logic/legal_ir/canonical_decompiler.py parser=/tmp/ir-release-datasets-20261001/ipfs_datasets_py/logic/deontic/utils/deontic_parser.py
logic tree pin compiler=/tmp/ir-release-datasets-20261001/ipfs_datasets_py/logic/legal_ir/canonical_compiler.py decompiler=/tmp/ir-release-datasets-20261001/ipfs_datasets_py/logic/legal_ir/canonical_decompiler.py parser=/tmp/ir-release-datasets-20261001/ipfs_datasets_py/logic/deontic/utils/deontic_parser.py
logic tree pin compiler=/tmp/ir-release-datasets-20261001/ipfs_datasets_py/logic/legal_ir/canonical_compiler.py decompiler=/tmp/ir-release-datasets-20261001/ipfs_datasets_py/logic/legal_ir/canonical_decompiler.py parser=/tmp/ir-release-datasets-20261001/ipfs_datasets_py/logic/deontic/utils/deontic_parser.py
logic tree pin compiler=/tmp/ir-release-datasets-20261001/ipfs_datasets_py/logic/legal_ir/canonical_compiler.py decompiler=/tmp/ir-release-datasets-20261001/ipfs_datasets_py/logic/legal_ir/canonical_decompiler.py parser=/tmp/ir-release-datasets-20261001/ipfs_datasets_py/logic/deontic/utils/deontic_parser.py
logic tree pin compiler=/tmp/ir-release-datasets-20261001/ipfs_datasets_py/logic/legal_ir/canonical_compiler.py decompiler=/tmp/ir-release-datasets-20261001/ipfs_datasets_py/logic/legal_ir/canonical_decompiler.py parser=/tmp/ir-release-datasets-20261001/ipfs_datasets_py/logic/deontic/utils/deontic_parser.py
logic tree pin compiler=/tmp/ir-release-datasets-20261001/ipfs_datasets_py/logic/legal_ir/canonical_compiler.py decompiler=/tmp/ir-release-datasets-20261001/ipfs_datasets_py/logic/legal_ir/canonical_decompiler.py parser=/tmp/ir-release-datasets-20261001/ipfs_datasets_py/logic/deontic/utils/deontic_parser.py
logic tree pin compiler=/tmp/ir-release-datasets-20261001/ipfs_datasets_py/logic/legal_ir/canonical_compiler.py decompiler=/tmp/ir-release-datasets-20261001/ipfs_datasets_py/logic/legal_ir/canonical_decompiler.py parser=/tmp/ir-release-datasets-20261001/ipfs_datasets_py/logic/deontic/utils/deontic_parser.py
logic tree pin compiler=/tmp/ir-release-datasets-20261001/ipfs_datasets_py/logic/legal_ir/canonical_compiler.py decompiler=/tmp/ir-release-datasets-20261001/ipfs_datasets_py/logic/legal_ir/canonical_decompiler.py parser=/tmp/ir-release-datasets-20261001/ipfs_datasets_py/logic/deontic/utils/deontic_parser.py
logic tree pin compiler=/tmp/ir-release-datasets-20261001/ipfs_datasets_py/logic/legal_ir/canonical_compiler.py decompiler=/tmp/ir-release-datasets-20261001/ipfs_datasets_py/logic/legal_ir/canonical_decompiler.py parser=/tmp/ir-release-datasets-20261001/ipfs_datasets_py/logic/deontic/utils/deontic_parser.py
logic tree pin compiler=/tmp/ir-release-datasets-20261001/ipfs_datasets_py/logic/legal_ir/canonical_compiler.py decompiler=/tmp/ir-release-datasets-20261001/ipfs_datasets_py/logic/legal_ir/canonical_decompiler.py parser=/tmp/ir-release-datasets-20261001/ipfs_datasets_py/logic/deontic/utils/deontic_parser.py
logic tree pin compiler=/tmp/ir-release-datasets-20261001/ipfs_datasets_py/logic/legal_ir/canonical_compiler.py decompiler=/tmp/ir-release-datasets-20261001/ipfs_datasets_py/logic/legal_ir/canonical_decompiler.py parser=/tmp/ir-release-datasets-20261001/ipfs_datasets_py/logic/deontic/utils/deontic_parser.py
logic tree pin compiler=/tmp/ir-release-datasets-20261001/ipfs_datasets_py/logic/legal_ir/canonical_compiler.py decompiler=/tmp/ir-release-datasets-20261001/ipfs_datasets_py/logic/legal_ir/canonical_decompiler.py parser=/tmp/ir-release-datasets-20261001/ipfs_datasets_py/logic/deontic/utils/deontic_parser.py
logic tree pin compiler=/tmp/ir-release-datasets-20261001/ipfs_datasets_py/logic/legal_ir/canonical_compiler.py decompiler=/tmp/ir-release-datasets-20261001/ipfs_datasets_py/logic/legal_ir/canonical_decompiler.py parser=/tmp/ir-release-datasets-20261001/ipfs_datasets_py/logic/deontic/utils/deontic_parser.py
logic tree pin compiler=/tmp/ir-release-datasets-20261001/ipfs_datasets_py/logic/legal_ir/canonical_compiler.py decompiler=/tmp/ir-release-datasets-20261001/ipfs_datasets_py/logic/legal_ir/canonical_decompiler.py parser=/tmp/ir-release-datasets-20261001/ipfs_datasets_py/logic/deontic/utils/deontic_parser.py
logic tree pin compiler=/tmp/ir-release-datasets-20261001/ipfs_datasets_py/logic/legal_ir/canonical_compiler.py decompiler=/tmp/ir-release-datasets-20261001/ipfs_datasets_py/logic/legal_ir/canonical_decompiler.py parser=/tmp/ir-release-datasets-20261001/ipfs_datasets_py/logic/deontic/utils/deontic_parser.py
logic tree pin compiler=/tmp/ir-release-datasets-20261001/ipfs_datasets_py/logic/legal_ir/canonical_compiler.py decompiler=/tmp/ir-release-datasets-20261001/ipfs_datasets_py/logic/legal_ir/canonical_decompiler.py parser=/tmp/ir-release-datasets-20261001/ipfs_datasets_py/logic/deontic/utils/deontic_parser.py
logic tree pin compiler=/tmp/ir-release-datasets-20261001/ipfs_datasets_py/logic/legal_ir/canonical_compiler.py decompiler=/tmp/ir-release-datasets-20261001/ipfs_datasets_py/logic/legal_ir/canonical_decompiler.py parser=/tmp/ir-release-datasets-20261001/ipfs_datasets_py/logic/deontic/utils/deontic_parser.py
logic tree pin compiler=/tmp/ir-release-datasets-20261001/ipfs_datasets_py/logic/legal_ir/canonical_compiler.py decompiler=/tmp/ir-release-datasets-20261001/ipfs_datasets_py/logic/legal_ir/canonical_decompiler.py parser=/tmp/ir-release-datasets-20261001/ipfs_datasets_py/logic/deontic/utils/deontic_parser.py
logic tree pin compiler=/tmp/ir-release-datasets-20261001/ipfs_datasets_py/logic/legal_ir/canonical_compiler.py decompiler=/tmp/ir-release-datasets-20261001/ipfs_datasets_py/logic/legal_ir/canonical_decompiler.py parser=/tmp/ir-release-datasets-20261001/ipfs_datasets_py/logic/deontic/utils/deontic_parser.py
logic tree pin compiler=/tmp/ir-release-datasets-20261001/ipfs_datasets_py/logic/legal_ir/canonical_compiler.py decompiler=/tmp/ir-release-datasets-20261001/ipfs_datasets_py/logic/legal_ir/canonical_decompiler.py parser=/tmp/ir-release-datasets-20261001/ipfs_datasets_py/logic/deontic/utils/deontic_parser.py
logic tree pin compiler=/tmp/ir-release-datasets-20261001/ipfs_datasets_py/logic/legal_ir/canonical_compiler.py decompiler=/tmp/ir-release-datasets-20261001/ipfs_datasets_py/logic/legal_ir/canonical_decompiler.py parser=/tmp/ir-release-datasets-20261001/ipfs_datasets_py/logic/deontic/utils/deontic_parser.py
logic tree pin compiler=/tmp/ir-release-datasets-20261001/ipfs_datasets_py/logic/legal_ir/canonical_compiler.py decompiler=/tmp/ir-release-datasets-20261001/ipfs_datasets_py/logic/legal_ir/canonical_decompiler.py parser=/tmp/ir-release-datasets-20261001/ipfs_datasets_py/logic/deontic/utils/deontic_parser.py
logic tree pin compiler=/tmp/ir-release-datasets-20261001/ipfs_datasets_py/logic/legal_ir/canonical_compiler.py decompiler=/tmp/ir-release-datasets-20261001/ipfs_datasets_py/logic/legal_ir/canonical_decompiler.py parser=/tmp/ir-release-datasets-20261001/ipfs_datasets_py/logic/deontic/utils/deontic_parser.py
logic tree pin compiler=/tmp/ir-release-datasets-20261001/ipfs_datasets_py/logic/legal_ir/canonical_compiler.py decompiler=/tmp/ir-release-datasets-20261001/ipfs_datasets_py/logic/legal_ir/canonical_decompiler.py parser=/tmp/ir-release-datasets-20261001/ipfs_datasets_py/logic/deontic/utils/deontic_parser.py
____ test_budget_refusal_happens_before_new_run_or_fit[change3-head refit] _____
tests/integration/logic/software_contracts/test_codebase_training_lifecycle.py:233: in test_budget_refusal_happens_before_new_run_or_fit
    with pytest.raises((ValueError, RegistryError), match=match):
E   AssertionError: Regex pattern did not match.
E     Expected regex: 'head refit'
E     Actual message: 'invalid lifecycle budget: head_refits'
=========================== short test summary info ============================
FAILED tests/integration/logic/software_contracts/test_codebase_training_lifecycle.py::test_actual_source_change_supersedes_running_child_without_model_attachment
FAILED tests/integration/logic/software_contracts/test_codebase_training_lifecycle.py::test_budget_refusal_happens_before_new_run_or_fit[change3-head refit]
=================== 2 failed, 7 passed in 149.07s (0:02:29) ====================
