working_tree_base=e30200a68c047d1fa29ca26d203f0793b79b8280
sha256 0a46fa5b8905600cb9f74adaaec8b8aeb5f89878612a43fb7a847e586bde3763 .github/workflows/documentation-gates.yml
sha256 d5e30f1811930c5e939410747401c2453687735b36b5f4e89c7f5f31ea074086 docs/agent_supervisor/intent_384_action_advice.md
sha256 9a7fda656fab65950cea84d39fcac413c6f53c8d27c3ede6d7e53782fc776bd8 docs/agent_supervisor/intent_code_effects.md

CHECK Supervisor primary-doc vocabulary
python scripts/docs/check_agent_supervisor_docs.py
OK: primary agent-supervisor docs are free of board-prefix ticket IDs
exit_code=0

CHECK Maintained-surface relative links
python scripts/docs/check_current_docs_links.py
OK: 46 allowlisted documentation files have resolvable relative links (anchors checked)
exit_code=0

CHECK Packaging version pin alignment
python - <<'PY'
from __future__ import annotations

import re
import sys
from pathlib import Path

root = Path(".")


def need(path: Path, pattern: str, label: str) -> str:
    text = path.read_text(encoding="utf-8")
    match = re.search(pattern, text, flags=re.M)
    if not match:
        print(f"FAIL: {label} not found in {path}", file=sys.stderr)
        raise SystemExit(1)
    return match.group(1)


pyproject = need(
    root / "pyproject.toml",
    r'^version\s*=\s*"([^"]+)"\s*$',
    "pyproject version",
)
setup = need(
    root / "setup.py",
    r'^\s*version\s*=\s*"([^"]+)"\s*,?\s*$',
    "setup.py version",
)
packaging = need(
    root / "ipfs_accelerate_py" / "__init__.py",
    r'^_PACKAGING_VERSION\s*=\s*"([^"]+)"\s*$',
    "_PACKAGING_VERSION",
)
init_text = (root / "ipfs_accelerate_py" / "__init__.py").read_text(
    encoding="utf-8"
)
if not re.search(
    r'^__version__\s*=\s*_PACKAGING_VERSION\s*$',
    init_text,
    flags=re.M,
):
    print(
        "FAIL: __version__ must be assigned from _PACKAGING_VERSION",
        file=sys.stderr,
    )
    raise SystemExit(1)
if not (pyproject == setup == packaging):
    print(
        "FAIL: version pins disagree: "
        f"pyproject={pyproject!r} setup={setup!r} "
        f"_PACKAGING_VERSION={packaging!r}",
        file=sys.stderr,
    )
    raise SystemExit(1)
print(f"OK: packaging pins aligned at {pyproject}")
PY

OK: packaging pins aligned at 0.0.45
exit_code=0

CHECK Closeout navigation markers
set -euo pipefail
grep -q 'Documentation baseline' docs/INDEX.md
grep -q 'Last verified' docs/development/DOCUMENTATION_CURRENT_STATE.md
test -f docs/development/DOCUMENTATION_VALIDATION_2026_08.md
echo "OK: closeout navigation markers present"

OK: closeout navigation markers present
exit_code=0

RESULT PASS all four exact workflow commands
