============================= test session starts ==============================
platform linux -- Python 3.12.3, pytest-9.1.1, pluggy-1.6.0
benchmark: 5.2.3 (defaults: timer=time.perf_counter disable_gc=False min_rounds=5 min_time=0.000005 max_time=1.0 calibration_precision=10 warmup=False warmup_iterations=100000)
rootdir: /home/barberb/lift_coding/.worktrees/ir-release-datasets-20261002
configfile: pytest.ini (WARNING: ignoring pytest config in pyproject.toml!)
plugins: mock-3.15.1, xdist-3.8.0, benchmark-5.2.3, cov-7.1.0, base-url-2.1.0, trio-0.8.0, typeguard-4.5.2, env-1.7.0, hypothesis-6.152.1, playwright-0.8.0, timeout-2.4.0
asyncio: mode=Mode.STRICT, debug=False, asyncio_default_fixture_loop_scope=function, asyncio_default_test_loop_scope=function
collected 188 items / 2 errors

==================================== ERRORS ====================================
_ ERROR collecting tests/unit/logic/software_contracts/test_codebase_manifest_compaction.py _
ImportError while importing test module '/home/barberb/lift_coding/.worktrees/ir-release-datasets-20261002/tests/unit/logic/software_contracts/test_codebase_manifest_compaction.py'.
Hint: make sure your test modules/packages have valid Python names.
Traceback:
.worktrees/ir-release-datasets-20261002/tests/unit/logic/software_contracts/test_codebase_manifest_compaction.py:8: in <module>
    from test_codebase_manifest_memo import empty_cache, specimen
E   ModuleNotFoundError: No module named 'test_codebase_manifest_memo'
_ ERROR collecting tests/unit/logic/software_contracts/test_codebase_manifest_byte_replay.py _
ImportError while importing test module '/home/barberb/lift_coding/.worktrees/ir-release-datasets-20261002/tests/unit/logic/software_contracts/test_codebase_manifest_byte_replay.py'.
Hint: make sure your test modules/packages have valid Python names.
Traceback:
.worktrees/ir-release-datasets-20261002/tests/unit/logic/software_contracts/test_codebase_manifest_byte_replay.py:11: in <module>
    from test_codebase_manifest_memo import empty_cache, specimen
E   ModuleNotFoundError: No module named 'test_codebase_manifest_memo'
- generated xml file: /home/barberb/lift_coding/artifacts/source384-manifest-actual-20261003/controls-01.xml -
=========================== short test summary info ============================
ERROR .worktrees/ir-release-datasets-20261002/tests/unit/logic/software_contracts/test_codebase_manifest_compaction.py
ERROR .worktrees/ir-release-datasets-20261002/tests/unit/logic/software_contracts/test_codebase_manifest_byte_replay.py
!!!!!!!!!!!!!!!!!!! Interrupted: 2 errors during collection !!!!!!!!!!!!!!!!!!!!
============================== 2 errors in 0.32s ===============================
