============================= test session starts ==============================
platform linux -- Python 3.12.3, pytest-9.1.1, pluggy-1.6.0
benchmark: 5.2.3 (defaults: timer=time.perf_counter disable_gc=False min_rounds=5 min_time=0.000005 max_time=1.0 calibration_precision=10 warmup=False warmup_iterations=100000)
rootdir: /tmp/ir-release-datasets-20261001
configfile: pytest.ini (WARNING: ignoring pytest config in pyproject.toml!)
plugins: mock-3.15.1, xdist-3.8.0, benchmark-5.2.3, cov-7.1.0, base-url-2.1.0, trio-0.8.0, typeguard-4.5.2, env-1.7.0, hypothesis-6.152.1, playwright-0.8.0, timeout-2.4.0
asyncio: mode=Mode.STRICT, debug=False, asyncio_default_fixture_loop_scope=function, asyncio_default_test_loop_scope=function
collected 12 items

tests/integration/logic/software_contracts/test_codebase_repository_shards.py F [  8%]
F..........                                                              [100%]

=================================== FAILURES ===================================
____ test_complete_dirty_inventory_and_global_cross_shard_edges_are_native _____
tests/integration/logic/software_contracts/test_codebase_repository_shards.py:53: in test_complete_dirty_inventory_and_global_cross_shard_edges_are_native
    assert by_path['large.py']['source_disposition']=='deferred_large_file'
E   AssertionError: assert 'opaque' == 'deferred_large_file'
E     
E     - deferred_large_file
E     + opaque
___ test_source_head_and_existing_sql_schema_are_not_modified_by_projection ____
tests/integration/logic/software_contracts/test_codebase_repository_shards.py:62: in test_source_head_and_existing_sql_schema_are_not_modified_by_projection
    tables=current[4].execute('SELECT table_schema,table_name FROM information_schema.tables ORDER BY1,2').fetchall()
           ^^^^^^^^^^^^^^^^^^^^^^^^^^^^^^^^^^^^^^^^^^^^^^^^^^^^^^^^^^^^^^^^^^^^^^^^^^^^^^^^^^^^^^^^^^^^^^^
E   _duckdb.ParserException: Parser Error: syntax error at or near "BY1"
E   
E   LINE 1: ... table_schema,table_name FROM information_schema.tables ORDER BY1,2
E                                                                            ^
=========================== short test summary info ============================
FAILED tests/integration/logic/software_contracts/test_codebase_repository_shards.py::test_complete_dirty_inventory_and_global_cross_shard_edges_are_native
FAILED tests/integration/logic/software_contracts/test_codebase_repository_shards.py::test_source_head_and_existing_sql_schema_are_not_modified_by_projection
======================== 2 failed, 10 passed in 37.64s =========================
