2026-10-03 08:07:12,421 - ipfs_accelerate_py.ipfs_kit_integration - INFO - Successfully imported ipfs_kit_py modules from /home/barberb/HACC/complaint-generator/ipfs_datasets_py/ipfs_kit_py/ipfs_kit_py/__init__.py
2026-10-03 08:07:12,421 - ipfs_accelerate_py.ipfs_kit_integration - INFO - IPFS Kit integration enabled successfully
2026-10-03 08:07:12,421 - ipfs_accelerate_py.common.storage_wrapper - INFO - Storage initialized with distributed backend
logic tree pin compiler=/home/barberb/lift_coding/.worktrees/ir-release-datasets-20261002/ipfs_datasets_py/logic/legal_ir/canonical_compiler.py decompiler=/home/barberb/lift_coding/.worktrees/ir-release-datasets-20261002/ipfs_datasets_py/logic/legal_ir/canonical_decompiler.py parser=/home/barberb/lift_coding/.worktrees/ir-release-datasets-20261002/ipfs_datasets_py/logic/deontic/utils/deontic_parser.py
logic tree pin compiler=/home/barberb/lift_coding/.worktrees/ir-release-datasets-20261002/ipfs_datasets_py/logic/legal_ir/canonical_compiler.py decompiler=/home/barberb/lift_coding/.worktrees/ir-release-datasets-20261002/ipfs_datasets_py/logic/legal_ir/canonical_decompiler.py parser=/home/barberb/lift_coding/.worktrees/ir-release-datasets-20261002/ipfs_datasets_py/logic/deontic/utils/deontic_parser.py
logic tree pin compiler=/home/barberb/lift_coding/.worktrees/ir-release-datasets-20261002/ipfs_datasets_py/logic/legal_ir/canonical_compiler.py decompiler=/home/barberb/lift_coding/.worktrees/ir-release-datasets-20261002/ipfs_datasets_py/logic/legal_ir/canonical_decompiler.py parser=/home/barberb/lift_coding/.worktrees/ir-release-datasets-20261002/ipfs_datasets_py/logic/deontic/utils/deontic_parser.py
logic tree pin compiler=/home/barberb/lift_coding/.worktrees/ir-release-datasets-20261002/ipfs_datasets_py/logic/legal_ir/canonical_compiler.py decompiler=/home/barberb/lift_coding/.worktrees/ir-release-datasets-20261002/ipfs_datasets_py/logic/legal_ir/canonical_decompiler.py parser=/home/barberb/lift_coding/.worktrees/ir-release-datasets-20261002/ipfs_datasets_py/logic/deontic/utils/deontic_parser.py
logic tree pin compiler=/home/barberb/lift_coding/.worktrees/ir-release-datasets-20261002/ipfs_datasets_py/logic/legal_ir/canonical_compiler.py decompiler=/home/barberb/lift_coding/.worktrees/ir-release-datasets-20261002/ipfs_datasets_py/logic/legal_ir/canonical_decompiler.py parser=/home/barberb/lift_coding/.worktrees/ir-release-datasets-20261002/ipfs_datasets_py/logic/deontic/utils/deontic_parser.py
logic tree pin compiler=/home/barberb/lift_coding/.worktrees/ir-release-datasets-20261002/ipfs_datasets_py/logic/legal_ir/canonical_compiler.py decompiler=/home/barberb/lift_coding/.worktrees/ir-release-datasets-20261002/ipfs_datasets_py/logic/legal_ir/canonical_decompiler.py parser=/home/barberb/lift_coding/.worktrees/ir-release-datasets-20261002/ipfs_datasets_py/logic/deontic/utils/deontic_parser.py
{"stage": "CodebaseCatalog._validate_candidate", "start_seconds": 27.64189645499573, "seconds": 15.996423119999235, "status": "passed"}
{"stage": "RepositoryCodebaseIndex.prepare_current", "start_seconds": 0.5737025630005519, "seconds": 50.24728302400035, "status": "passed"}
{"stage": "RepositoryCodebaseIndex.load", "start_seconds": 50.82122069599427, "seconds": 1.1597064290035632, "status": "passed"}
logic tree pin compiler=/home/barberb/lift_coding/.worktrees/ir-release-datasets-20261002/ipfs_datasets_py/logic/legal_ir/canonical_compiler.py decompiler=/home/barberb/lift_coding/.worktrees/ir-release-datasets-20261002/ipfs_datasets_py/logic/legal_ir/canonical_decompiler.py parser=/home/barberb/lift_coding/.worktrees/ir-release-datasets-20261002/ipfs_datasets_py/logic/deontic/utils/deontic_parser.py
logic tree pin compiler=/home/barberb/lift_coding/.worktrees/ir-release-datasets-20261002/ipfs_datasets_py/logic/legal_ir/canonical_compiler.py decompiler=/home/barberb/lift_coding/.worktrees/ir-release-datasets-20261002/ipfs_datasets_py/logic/legal_ir/canonical_decompiler.py parser=/home/barberb/lift_coding/.worktrees/ir-release-datasets-20261002/ipfs_datasets_py/logic/deontic/utils/deontic_parser.py
logic tree pin compiler=/home/barberb/lift_coding/.worktrees/ir-release-datasets-20261002/ipfs_datasets_py/logic/legal_ir/canonical_compiler.py decompiler=/home/barberb/lift_coding/.worktrees/ir-release-datasets-20261002/ipfs_datasets_py/logic/legal_ir/canonical_decompiler.py parser=/home/barberb/lift_coding/.worktrees/ir-release-datasets-20261002/ipfs_datasets_py/logic/deontic/utils/deontic_parser.py
logic tree pin compiler=/home/barberb/lift_coding/.worktrees/ir-release-datasets-20261002/ipfs_datasets_py/logic/legal_ir/canonical_compiler.py decompiler=/home/barberb/lift_coding/.worktrees/ir-release-datasets-20261002/ipfs_datasets_py/logic/legal_ir/canonical_decompiler.py parser=/home/barberb/lift_coding/.worktrees/ir-release-datasets-20261002/ipfs_datasets_py/logic/deontic/utils/deontic_parser.py
logic tree pin compiler=/home/barberb/lift_coding/.worktrees/ir-release-datasets-20261002/ipfs_datasets_py/logic/legal_ir/canonical_compiler.py decompiler=/home/barberb/lift_coding/.worktrees/ir-release-datasets-20261002/ipfs_datasets_py/logic/legal_ir/canonical_decompiler.py parser=/home/barberb/lift_coding/.worktrees/ir-release-datasets-20261002/ipfs_datasets_py/logic/deontic/utils/deontic_parser.py
logic tree pin compiler=/home/barberb/lift_coding/.worktrees/ir-release-datasets-20261002/ipfs_datasets_py/logic/legal_ir/canonical_compiler.py decompiler=/home/barberb/lift_coding/.worktrees/ir-release-datasets-20261002/ipfs_datasets_py/logic/legal_ir/canonical_decompiler.py parser=/home/barberb/lift_coding/.worktrees/ir-release-datasets-20261002/ipfs_datasets_py/logic/deontic/utils/deontic_parser.py
logic tree pin compiler=/home/barberb/lift_coding/.worktrees/ir-release-datasets-20261002/ipfs_datasets_py/logic/legal_ir/canonical_compiler.py decompiler=/home/barberb/lift_coding/.worktrees/ir-release-datasets-20261002/ipfs_datasets_py/logic/legal_ir/canonical_decompiler.py parser=/home/barberb/lift_coding/.worktrees/ir-release-datasets-20261002/ipfs_datasets_py/logic/deontic/utils/deontic_parser.py
{"stage": "RepositoryCodebaseIndex.load", "start_seconds": 52.15908243099693, "seconds": 0.8517083870028728, "status": "passed"}
{"stage": "DuckDBASTStore._load", "start_seconds": 53.02265741399606, "seconds": 0.012065613002050668, "status": "passed"}
{"stage": "DuckDBASTStore._load", "start_seconds": 53.29639001299802, "seconds": 0.7702782150008716, "status": "passed"}
{"stage": "DuckDBASTStore._load", "start_seconds": 54.635620521999954, "seconds": 0.013447072997223586, "status": "passed"}
{"stage": "DuckDBASTStore._load", "start_seconds": 54.67159002699918, "seconds": 0.007245524000609294, "status": "passed"}
{"stage": "DuckDBASTStore._load", "start_seconds": 54.69716813600098, "seconds": 0.005775246994744521, "status": "passed"}
{"stage": "DuckDBASTStore._load", "start_seconds": 54.7204602540005, "seconds": 0.008472068999253679, "status": "passed"}
{"stage": "DuckDBASTStore._load", "start_seconds": 54.74770127199736, "seconds": 0.008444361003057566, "status": "passed"}
{"stage": "DuckDBASTStore._load", "start_seconds": 54.77462506399752, "seconds": 0.04718783000134863, "status": "passed"}
{"stage": "DuckDBASTStore._load", "start_seconds": 54.85423754899966, "seconds": 0.014468233996012714, "status": "passed"}
{"stage": "DuckDBASTStore._load", "start_seconds": 54.88904678999825, "seconds": 0.24278237100224942, "status": "passed"}
{"stage": "DuckDBASTStore._load", "start_seconds": 55.237441648998356, "seconds": 0.016890692000743, "status": "passed"}
{"stage": "DuckDBASTStore._load", "start_seconds": 55.27499062699644, "seconds": 0.02546585500385845, "status": "passed"}
{"stage": "DuckDBASTStore._load", "start_seconds": 55.32462751199637, "seconds": 0.00963494399911724, "status": "passed"}
{"stage": "DuckDBASTStore._load", "start_seconds": 55.35315867399913, "seconds": 0.006827766999776941, "status": "passed"}
{"stage": "DuckDBASTStore._load", "start_seconds": 55.37822591999429, "seconds": 0.014851329004159197, "status": "passed"}
{"stage": "DuckDBASTStore._load", "start_seconds": 55.4135484369981, "seconds": 0.023840652000217233, "status": "passed"}
{"stage": "DuckDBASTStore._load", "start_seconds": 55.46077536200028, "seconds": 0.019086195999989286, "status": "passed"}
{"stage": "DuckDBASTStore._load", "start_seconds": 55.501739013998304, "seconds": 0.024512862000847235, "status": "passed"}
{"stage": "DuckDBASTStore._load", "start_seconds": 55.55009670399886, "seconds": 0.03988926600140985, "status": "passed"}
{"stage": "DuckDBASTStore._load", "start_seconds": 55.619403284996224, "seconds": 0.076099776000774, "status": "passed"}
{"stage": "DuckDBASTStore._load", "start_seconds": 55.738806073997694, "seconds": 0.012645362003240734, "status": "passed"}
{"stage": "DuckDBASTStore._load", "start_seconds": 55.771494880995306, "seconds": 0.05352187300013611, "status": "passed"}
{"stage": "DuckDBASTStore._load", "start_seconds": 55.860536527994554, "seconds": 0.0745905430012499, "status": "passed"}
{"stage": "DuckDBASTStore._load", "start_seconds": 55.97738455799845, "seconds": 0.027383216001908295, "status": "passed"}
{"stage": "DuckDBASTStore._load", "start_seconds": 56.0299919129975, "seconds": 0.03484695599763654, "status": "passed"}
{"stage": "DuckDBASTStore._load", "start_seconds": 56.0924307009991, "seconds": 0.046549116996175144, "status": "passed"}
{"stage": "DuckDBASTStore._load", "start_seconds": 56.17082242699689, "seconds": 0.022238523000851274, "status": "passed"}
{"stage": "DuckDBASTStore._load", "start_seconds": 56.21594674199878, "seconds": 0.05608288400253514, "status": "passed"}
{"stage": "DuckDBASTStore._load", "start_seconds": 56.30829012199683, "seconds": 0.07230826500017429, "status": "passed"}
{"stage": "DuckDBASTStore._load", "start_seconds": 56.42228713299846, "seconds": 0.12380347299767891, "status": "passed"}
{"stage": "DuckDBASTStore._load", "start_seconds": 56.606155075998686, "seconds": 0.047810227995796595, "status": "passed"}
{"stage": "RepositoryCodebaseIndex.observe_current", "start_seconds": 52.146708485997806, "seconds": 5.5767707740014885, "status": "passed"}
{"stage": "RepositoryCodebaseIndex.load", "start_seconds": 57.723623434998444, "seconds": 0.861963196999568, "status": "passed"}
logic tree pin compiler=/home/barberb/lift_coding/.worktrees/ir-release-datasets-20261002/ipfs_datasets_py/logic/legal_ir/canonical_compiler.py decompiler=/home/barberb/lift_coding/.worktrees/ir-release-datasets-20261002/ipfs_datasets_py/logic/legal_ir/canonical_decompiler.py parser=/home/barberb/lift_coding/.worktrees/ir-release-datasets-20261002/ipfs_datasets_py/logic/deontic/utils/deontic_parser.py
logic tree pin compiler=/home/barberb/lift_coding/.worktrees/ir-release-datasets-20261002/ipfs_datasets_py/logic/legal_ir/canonical_compiler.py decompiler=/home/barberb/lift_coding/.worktrees/ir-release-datasets-20261002/ipfs_datasets_py/logic/legal_ir/canonical_decompiler.py parser=/home/barberb/lift_coding/.worktrees/ir-release-datasets-20261002/ipfs_datasets_py/logic/deontic/utils/deontic_parser.py
logic tree pin compiler=/home/barberb/lift_coding/.worktrees/ir-release-datasets-20261002/ipfs_datasets_py/logic/legal_ir/canonical_compiler.py decompiler=/home/barberb/lift_coding/.worktrees/ir-release-datasets-20261002/ipfs_datasets_py/logic/legal_ir/canonical_decompiler.py parser=/home/barberb/lift_coding/.worktrees/ir-release-datasets-20261002/ipfs_datasets_py/logic/deontic/utils/deontic_parser.py
logic tree pin compiler=/home/barberb/lift_coding/.worktrees/ir-release-datasets-20261002/ipfs_datasets_py/logic/legal_ir/canonical_compiler.py decompiler=/home/barberb/lift_coding/.worktrees/ir-release-datasets-20261002/ipfs_datasets_py/logic/legal_ir/canonical_decompiler.py parser=/home/barberb/lift_coding/.worktrees/ir-release-datasets-20261002/ipfs_datasets_py/logic/deontic/utils/deontic_parser.py
logic tree pin compiler=/home/barberb/lift_coding/.worktrees/ir-release-datasets-20261002/ipfs_datasets_py/logic/legal_ir/canonical_compiler.py decompiler=/home/barberb/lift_coding/.worktrees/ir-release-datasets-20261002/ipfs_datasets_py/logic/legal_ir/canonical_decompiler.py parser=/home/barberb/lift_coding/.worktrees/ir-release-datasets-20261002/ipfs_datasets_py/logic/deontic/utils/deontic_parser.py
logic tree pin compiler=/home/barberb/lift_coding/.worktrees/ir-release-datasets-20261002/ipfs_datasets_py/logic/legal_ir/canonical_compiler.py decompiler=/home/barberb/lift_coding/.worktrees/ir-release-datasets-20261002/ipfs_datasets_py/logic/legal_ir/canonical_decompiler.py parser=/home/barberb/lift_coding/.worktrees/ir-release-datasets-20261002/ipfs_datasets_py/logic/deontic/utils/deontic_parser.py
logic tree pin compiler=/home/barberb/lift_coding/.worktrees/ir-release-datasets-20261002/ipfs_datasets_py/logic/legal_ir/canonical_compiler.py decompiler=/home/barberb/lift_coding/.worktrees/ir-release-datasets-20261002/ipfs_datasets_py/logic/legal_ir/canonical_decompiler.py parser=/home/barberb/lift_coding/.worktrees/ir-release-datasets-20261002/ipfs_datasets_py/logic/deontic/utils/deontic_parser.py
logic tree pin compiler=/home/barberb/lift_coding/.worktrees/ir-release-datasets-20261002/ipfs_datasets_py/logic/legal_ir/canonical_compiler.py decompiler=/home/barberb/lift_coding/.worktrees/ir-release-datasets-20261002/ipfs_datasets_py/logic/legal_ir/canonical_decompiler.py parser=/home/barberb/lift_coding/.worktrees/ir-release-datasets-20261002/ipfs_datasets_py/logic/deontic/utils/deontic_parser.py
logic tree pin compiler=/home/barberb/lift_coding/.worktrees/ir-release-datasets-20261002/ipfs_datasets_py/logic/legal_ir/canonical_compiler.py decompiler=/home/barberb/lift_coding/.worktrees/ir-release-datasets-20261002/ipfs_datasets_py/logic/legal_ir/canonical_decompiler.py parser=/home/barberb/lift_coding/.worktrees/ir-release-datasets-20261002/ipfs_datasets_py/logic/deontic/utils/deontic_parser.py
logic tree pin compiler=/home/barberb/lift_coding/.worktrees/ir-release-datasets-20261002/ipfs_datasets_py/logic/legal_ir/canonical_compiler.py decompiler=/home/barberb/lift_coding/.worktrees/ir-release-datasets-20261002/ipfs_datasets_py/logic/legal_ir/canonical_decompiler.py parser=/home/barberb/lift_coding/.worktrees/ir-release-datasets-20261002/ipfs_datasets_py/logic/deontic/utils/deontic_parser.py
{"stage": "ipfs_datasets_py.logic.software_contracts.codebase_source_units_384._context", "start_seconds": 57.7234994169994, "seconds": 1.6018363869952736, "status": "passed"}
{"stage": "ipfs_datasets_py.logic.software_contracts.codebase_source_units_384._worker", "start_seconds": 59.326527233999514, "seconds": 12.198493679999956, "status": "passed"}
{"stage": "RepositoryCodebaseIndex.load", "start_seconds": 71.56674413199653, "seconds": 0.8137132120027672, "status": "passed"}
{"stage": "DuckDBASTStore._load", "start_seconds": 72.3922942049976, "seconds": 0.010879143999773078, "status": "passed"}
{"stage": "DuckDBASTStore._load", "start_seconds": 72.63875864199508, "seconds": 0.7512040080036968, "status": "passed"}
{"stage": "DuckDBASTStore._load", "start_seconds": 73.93474963399785, "seconds": 0.011868283996591344, "status": "passed"}
{"stage": "DuckDBASTStore._load", "start_seconds": 73.96847284099931, "seconds": 0.0062335239999811165, "status": "passed"}
{"stage": "DuckDBASTStore._load", "start_seconds": 73.99268584999663, "seconds": 0.0053226829986670054, "status": "passed"}
{"stage": "DuckDBASTStore._load", "start_seconds": 74.0155337010001, "seconds": 0.008067398994171526, "status": "passed"}
{"stage": "DuckDBASTStore._load", "start_seconds": 74.04197175699665, "seconds": 0.0074735770031111315, "status": "passed"}
{"stage": "DuckDBASTStore._load", "start_seconds": 74.0673783769962, "seconds": 0.0458380540003418, "status": "passed"}
{"stage": "DuckDBASTStore._load", "start_seconds": 74.14513008399808, "seconds": 0.013335449002624955, "status": "passed"}
{"stage": "DuckDBASTStore._load", "start_seconds": 74.17846370899497, "seconds": 0.22966559500491712, "status": "passed"}
{"stage": "DuckDBASTStore._load", "start_seconds": 74.51098693200038, "seconds": 0.014161724997393321, "status": "passed"}
{"stage": "DuckDBASTStore._load", "start_seconds": 74.54538059799961, "seconds": 0.02332245899742702, "status": "passed"}
{"stage": "DuckDBASTStore._load", "start_seconds": 74.59282368199638, "seconds": 0.008414593001361936, "status": "passed"}
{"stage": "DuckDBASTStore._load", "start_seconds": 74.61984780599596, "seconds": 0.0067111520038452, "status": "passed"}
{"stage": "DuckDBASTStore._load", "start_seconds": 74.64468483199744, "seconds": 0.013262241998745594, "status": "passed"}
{"stage": "DuckDBASTStore._load", "start_seconds": 74.6779829570005, "seconds": 0.020950467995135114, "status": "passed"}
{"stage": "DuckDBASTStore._load", "start_seconds": 74.72191817799467, "seconds": 0.01753344300232129, "status": "passed"}
{"stage": "DuckDBASTStore._load", "start_seconds": 74.76097380199644, "seconds": 0.02234333700471325, "status": "passed"}
{"stage": "DuckDBASTStore._load", "start_seconds": 74.80672403599601, "seconds": 0.03652753899950767, "status": "passed"}
{"stage": "DuckDBASTStore._load", "start_seconds": 74.87207896899781, "seconds": 0.07005167200259166, "status": "passed"}
{"stage": "DuckDBASTStore._load", "start_seconds": 74.9829395400011, "seconds": 0.011088533996371552, "status": "passed"}
{"stage": "DuckDBASTStore._load", "start_seconds": 75.01355068599514, "seconds": 0.05192099900159519, "status": "passed"}
{"stage": "DuckDBASTStore._load", "start_seconds": 75.09960642000078, "seconds": 0.0687162289978005, "status": "passed"}
{"stage": "DuckDBASTStore._load", "start_seconds": 75.20896340000036, "seconds": 0.02757032500085188, "status": "passed"}
{"stage": "DuckDBASTStore._load", "start_seconds": 75.26180005199421, "seconds": 0.03438842600007774, "status": "passed"}
{"stage": "DuckDBASTStore._load", "start_seconds": 75.32408377499814, "seconds": 0.04593564700189745, "status": "passed"}
{"stage": "DuckDBASTStore._load", "start_seconds": 75.40196258599462, "seconds": 0.020892576001642738, "status": "passed"}
{"stage": "DuckDBASTStore._load", "start_seconds": 75.44570918200043, "seconds": 0.05363736199797131, "status": "passed"}
{"stage": "DuckDBASTStore._load", "start_seconds": 75.5350213069978, "seconds": 0.0700780510014738, "status": "passed"}
{"stage": "DuckDBASTStore._load", "start_seconds": 75.64549146499485, "seconds": 0.118644509006117, "status": "passed"}
{"stage": "DuckDBASTStore._load", "start_seconds": 75.82315057399683, "seconds": 0.3152794970010291, "status": "passed"}
{"stage": "RepositoryCodebaseIndex.observe_current", "start_seconds": 71.55280237500119, "seconds": 5.511771628000133, "status": "passed"}
{"stage": "RepositoryCodebaseIndex.load", "start_seconds": 77.06474108799739, "seconds": 0.8510538260015892, "status": "passed"}
logic tree pin compiler=/home/barberb/lift_coding/.worktrees/ir-release-datasets-20261002/ipfs_datasets_py/logic/legal_ir/canonical_compiler.py decompiler=/home/barberb/lift_coding/.worktrees/ir-release-datasets-20261002/ipfs_datasets_py/logic/legal_ir/canonical_decompiler.py parser=/home/barberb/lift_coding/.worktrees/ir-release-datasets-20261002/ipfs_datasets_py/logic/deontic/utils/deontic_parser.py
logic tree pin compiler=/home/barberb/lift_coding/.worktrees/ir-release-datasets-20261002/ipfs_datasets_py/logic/legal_ir/canonical_compiler.py decompiler=/home/barberb/lift_coding/.worktrees/ir-release-datasets-20261002/ipfs_datasets_py/logic/legal_ir/canonical_decompiler.py parser=/home/barberb/lift_coding/.worktrees/ir-release-datasets-20261002/ipfs_datasets_py/logic/deontic/utils/deontic_parser.py
logic tree pin compiler=/home/barberb/lift_coding/.worktrees/ir-release-datasets-20261002/ipfs_datasets_py/logic/legal_ir/canonical_compiler.py decompiler=/home/barberb/lift_coding/.worktrees/ir-release-datasets-20261002/ipfs_datasets_py/logic/legal_ir/canonical_decompiler.py parser=/home/barberb/lift_coding/.worktrees/ir-release-datasets-20261002/ipfs_datasets_py/logic/deontic/utils/deontic_parser.py
logic tree pin compiler=/home/barberb/lift_coding/.worktrees/ir-release-datasets-20261002/ipfs_datasets_py/logic/legal_ir/canonical_compiler.py decompiler=/home/barberb/lift_coding/.worktrees/ir-release-datasets-20261002/ipfs_datasets_py/logic/legal_ir/canonical_decompiler.py parser=/home/barberb/lift_coding/.worktrees/ir-release-datasets-20261002/ipfs_datasets_py/logic/deontic/utils/deontic_parser.py
logic tree pin compiler=/home/barberb/lift_coding/.worktrees/ir-release-datasets-20261002/ipfs_datasets_py/logic/legal_ir/canonical_compiler.py decompiler=/home/barberb/lift_coding/.worktrees/ir-release-datasets-20261002/ipfs_datasets_py/logic/legal_ir/canonical_decompiler.py parser=/home/barberb/lift_coding/.worktrees/ir-release-datasets-20261002/ipfs_datasets_py/logic/deontic/utils/deontic_parser.py
logic tree pin compiler=/home/barberb/lift_coding/.worktrees/ir-release-datasets-20261002/ipfs_datasets_py/logic/legal_ir/canonical_compiler.py decompiler=/home/barberb/lift_coding/.worktrees/ir-release-datasets-20261002/ipfs_datasets_py/logic/legal_ir/canonical_decompiler.py parser=/home/barberb/lift_coding/.worktrees/ir-release-datasets-20261002/ipfs_datasets_py/logic/deontic/utils/deontic_parser.py
logic tree pin compiler=/home/barberb/lift_coding/.worktrees/ir-release-datasets-20261002/ipfs_datasets_py/logic/legal_ir/canonical_compiler.py decompiler=/home/barberb/lift_coding/.worktrees/ir-release-datasets-20261002/ipfs_datasets_py/logic/legal_ir/canonical_decompiler.py parser=/home/barberb/lift_coding/.worktrees/ir-release-datasets-20261002/ipfs_datasets_py/logic/deontic/utils/deontic_parser.py
logic tree pin compiler=/home/barberb/lift_coding/.worktrees/ir-release-datasets-20261002/ipfs_datasets_py/logic/legal_ir/canonical_compiler.py decompiler=/home/barberb/lift_coding/.worktrees/ir-release-datasets-20261002/ipfs_datasets_py/logic/legal_ir/canonical_decompiler.py parser=/home/barberb/lift_coding/.worktrees/ir-release-datasets-20261002/ipfs_datasets_py/logic/deontic/utils/deontic_parser.py
logic tree pin compiler=/home/barberb/lift_coding/.worktrees/ir-release-datasets-20261002/ipfs_datasets_py/logic/legal_ir/canonical_compiler.py decompiler=/home/barberb/lift_coding/.worktrees/ir-release-datasets-20261002/ipfs_datasets_py/logic/legal_ir/canonical_decompiler.py parser=/home/barberb/lift_coding/.worktrees/ir-release-datasets-20261002/ipfs_datasets_py/logic/deontic/utils/deontic_parser.py
logic tree pin compiler=/home/barberb/lift_coding/.worktrees/ir-release-datasets-20261002/ipfs_datasets_py/logic/legal_ir/canonical_compiler.py decompiler=/home/barberb/lift_coding/.worktrees/ir-release-datasets-20261002/ipfs_datasets_py/logic/legal_ir/canonical_decompiler.py parser=/home/barberb/lift_coding/.worktrees/ir-release-datasets-20261002/ipfs_datasets_py/logic/deontic/utils/deontic_parser.py
{"stage": "ipfs_datasets_py.logic.software_contracts.codebase_source_units_384._context", "start_seconds": 77.06460862299718, "seconds": 1.5595961599974544, "status": "passed"}
{"stage": "RepositoryCodebaseIndex.load", "start_seconds": 78.77772105999611, "seconds": 1.0480676970037166, "status": "passed"}
{"stage": "DuckDBASTStore._load", "start_seconds": 79.83661203600059, "seconds": 0.009880792000330985, "status": "passed"}
{"stage": "DuckDBASTStore._load", "start_seconds": 79.86530430799758, "seconds": 0.714558156003477, "status": "passed"}
{"stage": "DuckDBASTStore._load", "start_seconds": 80.89339303999441, "seconds": 0.011107793005066924, "status": "passed"}
{"stage": "DuckDBASTStore._load", "start_seconds": 80.92624328999955, "seconds": 0.005631695996271446, "status": "passed"}
{"stage": "DuckDBASTStore._load", "start_seconds": 80.94963826699677, "seconds": 0.004411622998304665, "status": "passed"}
{"stage": "DuckDBASTStore._load", "start_seconds": 80.97112950299925, "seconds": 0.007051123000564985, "status": "passed"}
{"stage": "DuckDBASTStore._load", "start_seconds": 80.99637121999695, "seconds": 0.006844809999165591, "status": "passed"}
{"stage": "DuckDBASTStore._load", "start_seconds": 81.02108862599562, "seconds": 0.23955366000154754, "status": "passed"}
{"stage": "DuckDBASTStore._load", "start_seconds": 81.29202862500097, "seconds": 0.012284769996767864, "status": "passed"}
{"stage": "DuckDBASTStore._load", "start_seconds": 81.32441971699882, "seconds": 0.22230586099612992, "status": "passed"}
{"stage": "DuckDBASTStore._load", "start_seconds": 81.6454831749943, "seconds": 0.013998373004142195, "status": "passed"}
{"stage": "DuckDBASTStore._load", "start_seconds": 81.68013422499644, "seconds": 0.022824949999630917, "status": "passed"}
{"stage": "DuckDBASTStore._load", "start_seconds": 81.72733607999544, "seconds": 0.007615495000209194, "status": "passed"}
{"stage": "DuckDBASTStore._load", "start_seconds": 81.75352939299773, "seconds": 0.006692476999887731, "status": "passed"}
{"stage": "DuckDBASTStore._load", "start_seconds": 81.77827820999664, "seconds": 0.012413251999532804, "status": "passed"}
{"stage": "DuckDBASTStore._load", "start_seconds": 81.81128945700038, "seconds": 0.020211590999679174, "status": "passed"}
{"stage": "DuckDBASTStore._load", "start_seconds": 81.85458214499522, "seconds": 0.016967515999567695, "status": "passed"}
{"stage": "DuckDBASTStore._load", "start_seconds": 81.89400625100097, "seconds": 0.023715010996966157, "status": "passed"}
{"stage": "DuckDBASTStore._load", "start_seconds": 81.94166360799863, "seconds": 0.036356461998366285, "status": "passed"}
{"stage": "DuckDBASTStore._load", "start_seconds": 82.00699957100005, "seconds": 0.07057751099637244, "status": "passed"}
{"stage": "DuckDBASTStore._load", "start_seconds": 82.11980015899462, "seconds": 0.011087767001299653, "status": "passed"}
{"stage": "DuckDBASTStore._load", "start_seconds": 82.15979699300078, "seconds": 0.052500015997793525, "status": "passed"}
{"stage": "DuckDBASTStore._load", "start_seconds": 82.24640545500006, "seconds": 0.0680286239949055, "status": "passed"}
{"stage": "DuckDBASTStore._load", "start_seconds": 82.35560556899873, "seconds": 0.025871161997201853, "status": "passed"}
{"stage": "DuckDBASTStore._load", "start_seconds": 82.40591859499546, "seconds": 0.032949309003015514, "status": "passed"}
{"stage": "DuckDBASTStore._load", "start_seconds": 82.46613096099463, "seconds": 0.04224814000190236, "status": "passed"}
{"stage": "DuckDBASTStore._load", "start_seconds": 82.54001658699417, "seconds": 0.02063676400575787, "status": "passed"}
{"stage": "DuckDBASTStore._load", "start_seconds": 82.58346937799797, "seconds": 0.0529738039986114, "status": "passed"}
{"stage": "DuckDBASTStore._load", "start_seconds": 82.67208510699857, "seconds": 0.0655260189960245, "status": "passed"}
{"stage": "DuckDBASTStore._load", "start_seconds": 82.77789391500119, "seconds": 0.11380130199540872, "status": "passed"}
{"stage": "DuckDBASTStore._load", "start_seconds": 82.94899835199612, "seconds": 0.04423926400340861, "status": "passed"}
{"stage": "RepositoryCodebaseIndex.observe_current", "start_seconds": 78.76435641799617, "seconds": 5.194246119004674, "status": "passed"}
{"stage": "RepositoryCodebaseIndex.load", "start_seconds": 83.96348063999903, "seconds": 1.1243670740004745, "status": "passed"}
logic tree pin compiler=/home/barberb/lift_coding/.worktrees/ir-release-datasets-20261002/ipfs_datasets_py/logic/legal_ir/canonical_compiler.py decompiler=/home/barberb/lift_coding/.worktrees/ir-release-datasets-20261002/ipfs_datasets_py/logic/legal_ir/canonical_decompiler.py parser=/home/barberb/lift_coding/.worktrees/ir-release-datasets-20261002/ipfs_datasets_py/logic/deontic/utils/deontic_parser.py
logic tree pin compiler=/home/barberb/lift_coding/.worktrees/ir-release-datasets-20261002/ipfs_datasets_py/logic/legal_ir/canonical_compiler.py decompiler=/home/barberb/lift_coding/.worktrees/ir-release-datasets-20261002/ipfs_datasets_py/logic/legal_ir/canonical_decompiler.py parser=/home/barberb/lift_coding/.worktrees/ir-release-datasets-20261002/ipfs_datasets_py/logic/deontic/utils/deontic_parser.py
logic tree pin compiler=/home/barberb/lift_coding/.worktrees/ir-release-datasets-20261002/ipfs_datasets_py/logic/legal_ir/canonical_compiler.py decompiler=/home/barberb/lift_coding/.worktrees/ir-release-datasets-20261002/ipfs_datasets_py/logic/legal_ir/canonical_decompiler.py parser=/home/barberb/lift_coding/.worktrees/ir-release-datasets-20261002/ipfs_datasets_py/logic/deontic/utils/deontic_parser.py
logic tree pin compiler=/home/barberb/lift_coding/.worktrees/ir-release-datasets-20261002/ipfs_datasets_py/logic/legal_ir/canonical_compiler.py decompiler=/home/barberb/lift_coding/.worktrees/ir-release-datasets-20261002/ipfs_datasets_py/logic/legal_ir/canonical_decompiler.py parser=/home/barberb/lift_coding/.worktrees/ir-release-datasets-20261002/ipfs_datasets_py/logic/deontic/utils/deontic_parser.py
logic tree pin compiler=/home/barberb/lift_coding/.worktrees/ir-release-datasets-20261002/ipfs_datasets_py/logic/legal_ir/canonical_compiler.py decompiler=/home/barberb/lift_coding/.worktrees/ir-release-datasets-20261002/ipfs_datasets_py/logic/legal_ir/canonical_decompiler.py parser=/home/barberb/lift_coding/.worktrees/ir-release-datasets-20261002/ipfs_datasets_py/logic/deontic/utils/deontic_parser.py
logic tree pin compiler=/home/barberb/lift_coding/.worktrees/ir-release-datasets-20261002/ipfs_datasets_py/logic/legal_ir/canonical_compiler.py decompiler=/home/barberb/lift_coding/.worktrees/ir-release-datasets-20261002/ipfs_datasets_py/logic/legal_ir/canonical_decompiler.py parser=/home/barberb/lift_coding/.worktrees/ir-release-datasets-20261002/ipfs_datasets_py/logic/deontic/utils/deontic_parser.py
logic tree pin compiler=/home/barberb/lift_coding/.worktrees/ir-release-datasets-20261002/ipfs_datasets_py/logic/legal_ir/canonical_compiler.py decompiler=/home/barberb/lift_coding/.worktrees/ir-release-datasets-20261002/ipfs_datasets_py/logic/legal_ir/canonical_decompiler.py parser=/home/barberb/lift_coding/.worktrees/ir-release-datasets-20261002/ipfs_datasets_py/logic/deontic/utils/deontic_parser.py
logic tree pin compiler=/home/barberb/lift_coding/.worktrees/ir-release-datasets-20261002/ipfs_datasets_py/logic/legal_ir/canonical_compiler.py decompiler=/home/barberb/lift_coding/.worktrees/ir-release-datasets-20261002/ipfs_datasets_py/logic/legal_ir/canonical_decompiler.py parser=/home/barberb/lift_coding/.worktrees/ir-release-datasets-20261002/ipfs_datasets_py/logic/deontic/utils/deontic_parser.py
logic tree pin compiler=/home/barberb/lift_coding/.worktrees/ir-release-datasets-20261002/ipfs_datasets_py/logic/legal_ir/canonical_compiler.py decompiler=/home/barberb/lift_coding/.worktrees/ir-release-datasets-20261002/ipfs_datasets_py/logic/legal_ir/canonical_decompiler.py parser=/home/barberb/lift_coding/.worktrees/ir-release-datasets-20261002/ipfs_datasets_py/logic/deontic/utils/deontic_parser.py
logic tree pin compiler=/home/barberb/lift_coding/.worktrees/ir-release-datasets-20261002/ipfs_datasets_py/logic/legal_ir/canonical_compiler.py decompiler=/home/barberb/lift_coding/.worktrees/ir-release-datasets-20261002/ipfs_datasets_py/logic/legal_ir/canonical_decompiler.py parser=/home/barberb/lift_coding/.worktrees/ir-release-datasets-20261002/ipfs_datasets_py/logic/deontic/utils/deontic_parser.py
{"stage": "ipfs_datasets_py.logic.software_contracts.codebase_source_units_384._context", "start_seconds": 83.96332724899548, "seconds": 1.679265683000267, "status": "passed"}
{"stage": "ipfs_datasets_py.logic.software_contracts.codebase_source_units_384.load_source_unit_inference", "start_seconds": 83.96332472100039, "seconds": 1.7749738909988082, "status": "passed"}
{"stage": "RepositoryCodebaseIndex.load", "start_seconds": 85.75342416999774, "seconds": 1.1394127270032186, "status": "passed"}
{"stage": "DuckDBASTStore._load", "start_seconds": 86.90352558299492, "seconds": 0.011779366999689955, "status": "passed"}
{"stage": "DuckDBASTStore._load", "start_seconds": 86.93608592300006, "seconds": 0.7713090449979063, "status": "passed"}
{"stage": "DuckDBASTStore._load", "start_seconds": 88.25498941599653, "seconds": 0.011825542002043221, "status": "passed"}
{"stage": "DuckDBASTStore._load", "start_seconds": 88.28951531499479, "seconds": 0.006773294000595342, "status": "passed"}
{"stage": "DuckDBASTStore._load", "start_seconds": 88.31487448699772, "seconds": 0.005182555003557354, "status": "passed"}
{"stage": "DuckDBASTStore._load", "start_seconds": 88.33791299899895, "seconds": 0.007910897002147976, "status": "passed"}
{"stage": "DuckDBASTStore._load", "start_seconds": 88.36444284200115, "seconds": 0.007398281995847356, "status": "passed"}
{"stage": "DuckDBASTStore._load", "start_seconds": 88.3904217379968, "seconds": 0.045546154004114214, "status": "passed"}
{"stage": "DuckDBASTStore._load", "start_seconds": 88.46956483699614, "seconds": 0.013290407005115412, "status": "passed"}
{"stage": "DuckDBASTStore._load", "start_seconds": 88.50298234599904, "seconds": 0.2334345650015166, "status": "passed"}
{"stage": "DuckDBASTStore._load", "start_seconds": 88.83818637600052, "seconds": 0.013448261997837108, "status": "passed"}
{"stage": "DuckDBASTStore._load", "start_seconds": 88.87249239599623, "seconds": 0.02406612800405128, "status": "passed"}
{"stage": "DuckDBASTStore._load", "start_seconds": 88.92124144899572, "seconds": 0.008005239003978204, "status": "passed"}
{"stage": "DuckDBASTStore._load", "start_seconds": 88.94762820399774, "seconds": 0.006261093003558926, "status": "passed"}
{"stage": "DuckDBASTStore._load", "start_seconds": 88.9718695929987, "seconds": 0.012666410999372602, "status": "passed"}
{"stage": "DuckDBASTStore._load", "start_seconds": 89.0048345749965, "seconds": 0.01998894099961035, "status": "passed"}
{"stage": "DuckDBASTStore._load", "start_seconds": 89.04826697599492, "seconds": 0.01683440399938263, "status": "passed"}
{"stage": "DuckDBASTStore._load", "start_seconds": 89.0868801100005, "seconds": 0.022395189997041598, "status": "passed"}
{"stage": "DuckDBASTStore._load", "start_seconds": 89.13347926899587, "seconds": 0.03626303000055486, "status": "passed"}
{"stage": "DuckDBASTStore._load", "start_seconds": 89.1985987109947, "seconds": 0.06827666699973634, "status": "passed"}
{"stage": "DuckDBASTStore._load", "start_seconds": 89.30812850499933, "seconds": 0.011110230996564496, "status": "passed"}
{"stage": "DuckDBASTStore._load", "start_seconds": 89.33833913799754, "seconds": 0.05109514400101034, "status": "passed"}
{"stage": "DuckDBASTStore._load", "start_seconds": 89.42446239000128, "seconds": 0.0689350589964306, "status": "passed"}
{"stage": "DuckDBASTStore._load", "start_seconds": 89.534214031999, "seconds": 0.024582653000834398, "status": "passed"}
{"stage": "DuckDBASTStore._load", "start_seconds": 89.58345934499812, "seconds": 0.032253835001029074, "status": "passed"}
{"stage": "DuckDBASTStore._load", "start_seconds": 89.6439650329994, "seconds": 0.0432094749994576, "status": "passed"}
{"stage": "DuckDBASTStore._load", "start_seconds": 89.7190890829952, "seconds": 0.019087619002675638, "status": "passed"}
{"stage": "DuckDBASTStore._load", "start_seconds": 89.76210382599675, "seconds": 0.05264097599865636, "status": "passed"}
{"stage": "DuckDBASTStore._load", "start_seconds": 89.85003345799487, "seconds": 0.06555137900431873, "status": "passed"}
{"stage": "DuckDBASTStore._load", "start_seconds": 89.95535718199972, "seconds": 0.11215784299565712, "status": "passed"}
{"stage": "RepositoryCodebaseIndex.observe_current", "start_seconds": 85.73857061499439, "seconds": 4.394663563005452, "status": "failed"}
{"benchmark_result": false, "deadline_seconds": 90, "diagnostic_stage_wrappers": true, "error": "codebase observation deadline exceeded", "error_type": "LeaseTimeoutError", "fresh_state": true, "manifest_memo": {"bypasses": 0, "entries": 1, "evictions": 0, "hits": 8, "limit_bytes": 134217728, "misses": 1, "retained_bytes": 89231179}, "provider_calls": 0, "repository": "/home/barberb/lift_coding/artifacts/source-combined-observation-performance-20261003/after-02/app", "schema": "full-public-source384-native-context@1", "script_sha256": "7aa8dc28de6822c091a93c4379f88e71b568c2092fec679c7ea0347025f75f3b", "seconds": 90.17887058199994, "source_files": 220, "source_population": "original218-plus-native-instruction-and-public-smoke", "stage_events": [{"seconds": 15.996423119999235, "stage": "CodebaseCatalog._validate_candidate", "start_seconds": 27.64189645499573, "status": "passed"}, {"seconds": 50.24728302400035, "stage": "RepositoryCodebaseIndex.prepare_current", "start_seconds": 0.5737025630005519, "status": "passed"}, {"seconds": 1.1597064290035632, "stage": "RepositoryCodebaseIndex.load", "start_seconds": 50.82122069599427, "status": "passed"}, {"seconds": 0.8517083870028728, "stage": "RepositoryCodebaseIndex.load", "start_seconds": 52.15908243099693, "status": "passed"}, {"seconds": 0.012065613002050668, "stage": "DuckDBASTStore._load", "start_seconds": 53.02265741399606, "status": "passed"}, {"seconds": 0.7702782150008716, "stage": "DuckDBASTStore._load", "start_seconds": 53.29639001299802, "status": "passed"}, {"seconds": 0.013447072997223586, "stage": "DuckDBASTStore._load", "start_seconds": 54.635620521999954, "status": "passed"}, {"seconds": 0.007245524000609294, "stage": "DuckDBASTStore._load", "start_seconds": 54.67159002699918, "status": "passed"}, {"seconds": 0.005775246994744521, "stage": "DuckDBASTStore._load", "start_seconds": 54.69716813600098, "status": "passed"}, {"seconds": 0.008472068999253679, "stage": "DuckDBASTStore._load", "start_seconds": 54.7204602540005, "status": "passed"}, {"seconds": 0.008444361003057566, "stage": "DuckDBASTStore._load", "start_seconds": 54.74770127199736, "status": "passed"}, {"seconds": 0.04718783000134863, "stage": "DuckDBASTStore._load", "start_seconds": 54.77462506399752, "status": "passed"}, {"seconds": 0.014468233996012714, "stage": "DuckDBASTStore._load", "start_seconds": 54.85423754899966, "status": "passed"}, {"seconds": 0.24278237100224942, "stage": "DuckDBASTStore._load", "start_seconds": 54.88904678999825, "status": "passed"}, {"seconds": 0.016890692000743, "stage": "DuckDBASTStore._load", "start_seconds": 55.237441648998356, "status": "passed"}, {"seconds": 0.02546585500385845, "stage": "DuckDBASTStore._load", "start_seconds": 55.27499062699644, "status": "passed"}, {"seconds": 0.00963494399911724, "stage": "DuckDBASTStore._load", "start_seconds": 55.32462751199637, "status": "passed"}, {"seconds": 0.006827766999776941, "stage": "DuckDBASTStore._load", "start_seconds": 55.35315867399913, "status": "passed"}, {"seconds": 0.014851329004159197, "stage": "DuckDBASTStore._load", "start_seconds": 55.37822591999429, "status": "passed"}, {"seconds": 0.023840652000217233, "stage": "DuckDBASTStore._load", "start_seconds": 55.4135484369981, "status": "passed"}, {"seconds": 0.019086195999989286, "stage": "DuckDBASTStore._load", "start_seconds": 55.46077536200028, "status": "passed"}, {"seconds": 0.024512862000847235, "stage": "DuckDBASTStore._load", "start_seconds": 55.501739013998304, "status": "passed"}, {"seconds": 0.03988926600140985, "stage": "DuckDBASTStore._load", "start_seconds": 55.55009670399886, "status": "passed"}, {"seconds": 0.076099776000774, "stage": "DuckDBASTStore._load", "start_seconds": 55.619403284996224, "status": "passed"}, {"seconds": 0.012645362003240734, "stage": "DuckDBASTStore._load", "start_seconds": 55.738806073997694, "status": "passed"}, {"seconds": 0.05352187300013611, "stage": "DuckDBASTStore._load", "start_seconds": 55.771494880995306, "status": "passed"}, {"seconds": 0.0745905430012499, "stage": "DuckDBASTStore._load", "start_seconds": 55.860536527994554, "status": "passed"}, {"seconds": 0.027383216001908295, "stage": "DuckDBASTStore._load", "start_seconds": 55.97738455799845, "status": "passed"}, {"seconds": 0.03484695599763654, "stage": "DuckDBASTStore._load", "start_seconds": 56.0299919129975, "status": "passed"}, {"seconds": 0.046549116996175144, "stage": "DuckDBASTStore._load", "start_seconds": 56.0924307009991, "status": "passed"}, {"seconds": 0.022238523000851274, "stage": "DuckDBASTStore._load", "start_seconds": 56.17082242699689, "status": "passed"}, {"seconds": 0.05608288400253514, "stage": "DuckDBASTStore._load", "start_seconds": 56.21594674199878, "status": "passed"}, {"seconds": 0.07230826500017429, "stage": "DuckDBASTStore._load", "start_seconds": 56.30829012199683, "status": "passed"}, {"seconds": 0.12380347299767891, "stage": "DuckDBASTStore._load", "start_seconds": 56.42228713299846, "status": "passed"}, {"seconds": 0.047810227995796595, "stage": "DuckDBASTStore._load", "start_seconds": 56.606155075998686, "status": "passed"}, {"seconds": 5.5767707740014885, "stage": "RepositoryCodebaseIndex.observe_current", "start_seconds": 52.146708485997806, "status": "passed"}, {"seconds": 0.861963196999568, "stage": "RepositoryCodebaseIndex.load", "start_seconds": 57.723623434998444, "status": "passed"}, {"seconds": 1.6018363869952736, "stage": "ipfs_datasets_py.logic.software_contracts.codebase_source_units_384._context", "start_seconds": 57.7234994169994, "status": "passed"}, {"seconds": 12.198493679999956, "stage": "ipfs_datasets_py.logic.software_contracts.codebase_source_units_384._worker", "start_seconds": 59.326527233999514, "status": "passed"}, {"seconds": 0.8137132120027672, "stage": "RepositoryCodebaseIndex.load", "start_seconds": 71.56674413199653, "status": "passed"}, {"seconds": 0.010879143999773078, "stage": "DuckDBASTStore._load", "start_seconds": 72.3922942049976, "status": "passed"}, {"seconds": 0.7512040080036968, "stage": "DuckDBASTStore._load", "start_seconds": 72.63875864199508, "status": "passed"}, {"seconds": 0.011868283996591344, "stage": "DuckDBASTStore._load", "start_seconds": 73.93474963399785, "status": "passed"}, {"seconds": 0.0062335239999811165, "stage": "DuckDBASTStore._load", "start_seconds": 73.96847284099931, "status": "passed"}, {"seconds": 0.0053226829986670054, "stage": "DuckDBASTStore._load", "start_seconds": 73.99268584999663, "status": "passed"}, {"seconds": 0.008067398994171526, "stage": "DuckDBASTStore._load", "start_seconds": 74.0155337010001, "status": "passed"}, {"seconds": 0.0074735770031111315, "stage": "DuckDBASTStore._load", "start_seconds": 74.04197175699665, "status": "passed"}, {"seconds": 0.0458380540003418, "stage": "DuckDBASTStore._load", "start_seconds": 74.0673783769962, "status": "passed"}, {"seconds": 0.013335449002624955, "stage": "DuckDBASTStore._load", "start_seconds": 74.14513008399808, "status": "passed"}, {"seconds": 0.22966559500491712, "stage": "DuckDBASTStore._load", "start_seconds": 74.17846370899497, "status": "passed"}, {"seconds": 0.014161724997393321, "stage": "DuckDBASTStore._load", "start_seconds": 74.51098693200038, "status": "passed"}, {"seconds": 0.02332245899742702, "stage": "DuckDBASTStore._load", "start_seconds": 74.54538059799961, "status": "passed"}, {"seconds": 0.008414593001361936, "stage": "DuckDBASTStore._load", "start_seconds": 74.59282368199638, "status": "passed"}, {"seconds": 0.0067111520038452, "stage": "DuckDBASTStore._load", "start_seconds": 74.61984780599596, "status": "passed"}, {"seconds": 0.013262241998745594, "stage": "DuckDBASTStore._load", "start_seconds": 74.64468483199744, "status": "passed"}, {"seconds": 0.020950467995135114, "stage": "DuckDBASTStore._load", "start_seconds": 74.6779829570005, "status": "passed"}, {"seconds": 0.01753344300232129, "stage": "DuckDBASTStore._load", "start_seconds": 74.72191817799467, "status": "passed"}, {"seconds": 0.02234333700471325, "stage": "DuckDBASTStore._load", "start_seconds": 74.76097380199644, "status": "passed"}, {"seconds": 0.03652753899950767, "stage": "DuckDBASTStore._load", "start_seconds": 74.80672403599601, "status": "passed"}, {"seconds": 0.07005167200259166, "stage": "DuckDBASTStore._load", "start_seconds": 74.87207896899781, "status": "passed"}, {"seconds": 0.011088533996371552, "stage": "DuckDBASTStore._load", "start_seconds": 74.9829395400011, "status": "passed"}, {"seconds": 0.05192099900159519, "stage": "DuckDBASTStore._load", "start_seconds": 75.01355068599514, "status": "passed"}, {"seconds": 0.0687162289978005, "stage": "DuckDBASTStore._load", "start_seconds": 75.09960642000078, "status": "passed"}, {"seconds": 0.02757032500085188, "stage": "DuckDBASTStore._load", "start_seconds": 75.20896340000036, "status": "passed"}, {"seconds": 0.03438842600007774, "stage": "DuckDBASTStore._load", "start_seconds": 75.26180005199421, "status": "passed"}, {"seconds": 0.04593564700189745, "stage": "DuckDBASTStore._load", "start_seconds": 75.32408377499814, "status": "passed"}, {"seconds": 0.020892576001642738, "stage": "DuckDBASTStore._load", "start_seconds": 75.40196258599462, "status": "passed"}, {"seconds": 0.05363736199797131, "stage": "DuckDBASTStore._load", "start_seconds": 75.44570918200043, "status": "passed"}, {"seconds": 0.0700780510014738, "stage": "DuckDBASTStore._load", "start_seconds": 75.5350213069978, "status": "passed"}, {"seconds": 0.118644509006117, "stage": "DuckDBASTStore._load", "start_seconds": 75.64549146499485, "status": "passed"}, {"seconds": 0.3152794970010291, "stage": "DuckDBASTStore._load", "start_seconds": 75.82315057399683, "status": "passed"}, {"seconds": 5.511771628000133, "stage": "RepositoryCodebaseIndex.observe_current", "start_seconds": 71.55280237500119, "status": "passed"}, {"seconds": 0.8510538260015892, "stage": "RepositoryCodebaseIndex.load", "start_seconds": 77.06474108799739, "status": "passed"}, {"seconds": 1.5595961599974544, "stage": "ipfs_datasets_py.logic.software_contracts.codebase_source_units_384._context", "start_seconds": 77.06460862299718, "status": "passed"}, {"seconds": 1.0480676970037166, "stage": "RepositoryCodebaseIndex.load", "start_seconds": 78.77772105999611, "status": "passed"}, {"seconds": 0.009880792000330985, "stage": "DuckDBASTStore._load", "start_seconds": 79.83661203600059, "status": "passed"}, {"seconds": 0.714558156003477, "stage": "DuckDBASTStore._load", "start_seconds": 79.86530430799758, "status": "passed"}, {"seconds": 0.011107793005066924, "stage": "DuckDBASTStore._load", "start_seconds": 80.89339303999441, "status": "passed"}, {"seconds": 0.005631695996271446, "stage": "DuckDBASTStore._load", "start_seconds": 80.92624328999955, "status": "passed"}, {"seconds": 0.004411622998304665, "stage": "DuckDBASTStore._load", "start_seconds": 80.94963826699677, "status": "passed"}, {"seconds": 0.007051123000564985, "stage": "DuckDBASTStore._load", "start_seconds": 80.97112950299925, "status": "passed"}, {"seconds": 0.006844809999165591, "stage": "DuckDBASTStore._load", "start_seconds": 80.99637121999695, "status": "passed"}, {"seconds": 0.23955366000154754, "stage": "DuckDBASTStore._load", "start_seconds": 81.02108862599562, "status": "passed"}, {"seconds": 0.012284769996767864, "stage": "DuckDBASTStore._load", "start_seconds": 81.29202862500097, "status": "passed"}, {"seconds": 0.22230586099612992, "stage": "DuckDBASTStore._load", "start_seconds": 81.32441971699882, "status": "passed"}, {"seconds": 0.013998373004142195, "stage": "DuckDBASTStore._load", "start_seconds": 81.6454831749943, "status": "passed"}, {"seconds": 0.022824949999630917, "stage": "DuckDBASTStore._load", "start_seconds": 81.68013422499644, "status": "passed"}, {"seconds": 0.007615495000209194, "stage": "DuckDBASTStore._load", "start_seconds": 81.72733607999544, "status": "passed"}, {"seconds": 0.006692476999887731, "stage": "DuckDBASTStore._load", "start_seconds": 81.75352939299773, "status": "passed"}, {"seconds": 0.012413251999532804, "stage": "DuckDBASTStore._load", "start_seconds": 81.77827820999664, "status": "passed"}, {"seconds": 0.020211590999679174, "stage": "DuckDBASTStore._load", "start_seconds": 81.81128945700038, "status": "passed"}, {"seconds": 0.016967515999567695, "stage": "DuckDBASTStore._load", "start_seconds": 81.85458214499522, "status": "passed"}, {"seconds": 0.023715010996966157, "stage": "DuckDBASTStore._load", "start_seconds": 81.89400625100097, "status": "passed"}, {"seconds": 0.036356461998366285, "stage": "DuckDBASTStore._load", "start_seconds": 81.94166360799863, "status": "passed"}, {"seconds": 0.07057751099637244, "stage": "DuckDBASTStore._load", "start_seconds": 82.00699957100005, "status": "passed"}, {"seconds": 0.011087767001299653, "stage": "DuckDBASTStore._load", "start_seconds": 82.11980015899462, "status": "passed"}, {"seconds": 0.052500015997793525, "stage": "DuckDBASTStore._load", "start_seconds": 82.15979699300078, "status": "passed"}, {"seconds": 0.0680286239949055, "stage": "DuckDBASTStore._load", "start_seconds": 82.24640545500006, "status": "passed"}, {"seconds": 0.025871161997201853, "stage": "DuckDBASTStore._load", "start_seconds": 82.35560556899873, "status": "passed"}, {"seconds": 0.032949309003015514, "stage": "DuckDBASTStore._load", "start_seconds": 82.40591859499546, "status": "passed"}, {"seconds": 0.04224814000190236, "stage": "DuckDBASTStore._load", "start_seconds": 82.46613096099463, "status": "passed"}, {"seconds": 0.02063676400575787, "stage": "DuckDBASTStore._load", "start_seconds": 82.54001658699417, "status": "passed"}, {"seconds": 0.0529738039986114, "stage": "DuckDBASTStore._load", "start_seconds": 82.58346937799797, "status": "passed"}, {"seconds": 0.0655260189960245, "stage": "DuckDBASTStore._load", "start_seconds": 82.67208510699857, "status": "passed"}, {"seconds": 0.11380130199540872, "stage": "DuckDBASTStore._load", "start_seconds": 82.77789391500119, "status": "passed"}, {"seconds": 0.04423926400340861, "stage": "DuckDBASTStore._load", "start_seconds": 82.94899835199612, "status": "passed"}, {"seconds": 5.194246119004674, "stage": "RepositoryCodebaseIndex.observe_current", "start_seconds": 78.76435641799617, "status": "passed"}, {"seconds": 1.1243670740004745, "stage": "RepositoryCodebaseIndex.load", "start_seconds": 83.96348063999903, "status": "passed"}, {"seconds": 1.679265683000267, "stage": "ipfs_datasets_py.logic.software_contracts.codebase_source_units_384._context", "start_seconds": 83.96332724899548, "status": "passed"}, {"seconds": 1.7749738909988082, "stage": "ipfs_datasets_py.logic.software_contracts.codebase_source_units_384.load_source_unit_inference", "start_seconds": 83.96332472100039, "status": "passed"}, {"seconds": 1.1394127270032186, "stage": "RepositoryCodebaseIndex.load", "start_seconds": 85.75342416999774, "status": "passed"}, {"seconds": 0.011779366999689955, "stage": "DuckDBASTStore._load", "start_seconds": 86.90352558299492, "status": "passed"}, {"seconds": 0.7713090449979063, "stage": "DuckDBASTStore._load", "start_seconds": 86.93608592300006, "status": "passed"}, {"seconds": 0.011825542002043221, "stage": "DuckDBASTStore._load", "start_seconds": 88.25498941599653, "status": "passed"}, {"seconds": 0.006773294000595342, "stage": "DuckDBASTStore._load", "start_seconds": 88.28951531499479, "status": "passed"}, {"seconds": 0.005182555003557354, "stage": "DuckDBASTStore._load", "start_seconds": 88.31487448699772, "status": "passed"}, {"seconds": 0.007910897002147976, "stage": "DuckDBASTStore._load", "start_seconds": 88.33791299899895, "status": "passed"}, {"seconds": 0.007398281995847356, "stage": "DuckDBASTStore._load", "start_seconds": 88.36444284200115, "status": "passed"}, {"seconds": 0.045546154004114214, "stage": "DuckDBASTStore._load", "start_seconds": 88.3904217379968, "status": "passed"}, {"seconds": 0.013290407005115412, "stage": "DuckDBASTStore._load", "start_seconds": 88.46956483699614, "status": "passed"}, {"seconds": 0.2334345650015166, "stage": "DuckDBASTStore._load", "start_seconds": 88.50298234599904, "status": "passed"}, {"seconds": 0.013448261997837108, "stage": "DuckDBASTStore._load", "start_seconds": 88.83818637600052, "status": "passed"}, {"seconds": 0.02406612800405128, "stage": "DuckDBASTStore._load", "start_seconds": 88.87249239599623, "status": "passed"}, {"seconds": 0.008005239003978204, "stage": "DuckDBASTStore._load", "start_seconds": 88.92124144899572, "status": "passed"}, {"seconds": 0.006261093003558926, "stage": "DuckDBASTStore._load", "start_seconds": 88.94762820399774, "status": "passed"}, {"seconds": 0.012666410999372602, "stage": "DuckDBASTStore._load", "start_seconds": 88.9718695929987, "status": "passed"}, {"seconds": 0.01998894099961035, "stage": "DuckDBASTStore._load", "start_seconds": 89.0048345749965, "status": "passed"}, {"seconds": 0.01683440399938263, "stage": "DuckDBASTStore._load", "start_seconds": 89.04826697599492, "status": "passed"}, {"seconds": 0.022395189997041598, "stage": "DuckDBASTStore._load", "start_seconds": 89.0868801100005, "status": "passed"}, {"seconds": 0.03626303000055486, "stage": "DuckDBASTStore._load", "start_seconds": 89.13347926899587, "status": "passed"}, {"seconds": 0.06827666699973634, "stage": "DuckDBASTStore._load", "start_seconds": 89.1985987109947, "status": "passed"}, {"seconds": 0.011110230996564496, "stage": "DuckDBASTStore._load", "start_seconds": 89.30812850499933, "status": "passed"}, {"seconds": 0.05109514400101034, "stage": "DuckDBASTStore._load", "start_seconds": 89.33833913799754, "status": "passed"}, {"seconds": 0.0689350589964306, "stage": "DuckDBASTStore._load", "start_seconds": 89.42446239000128, "status": "passed"}, {"seconds": 0.024582653000834398, "stage": "DuckDBASTStore._load", "start_seconds": 89.534214031999, "status": "passed"}, {"seconds": 0.032253835001029074, "stage": "DuckDBASTStore._load", "start_seconds": 89.58345934499812, "status": "passed"}, {"seconds": 0.0432094749994576, "stage": "DuckDBASTStore._load", "start_seconds": 89.6439650329994, "status": "passed"}, {"seconds": 0.019087619002675638, "stage": "DuckDBASTStore._load", "start_seconds": 89.7190890829952, "status": "passed"}, {"seconds": 0.05264097599865636, "stage": "DuckDBASTStore._load", "start_seconds": 89.76210382599675, "status": "passed"}, {"seconds": 0.06555137900431873, "stage": "DuckDBASTStore._load", "start_seconds": 89.85003345799487, "status": "passed"}, {"seconds": 0.11215784299565712, "stage": "DuckDBASTStore._load", "start_seconds": 89.95535718199972, "status": "passed"}, {"seconds": 4.394663563005452, "stage": "RepositoryCodebaseIndex.observe_current", "start_seconds": 85.73857061499439, "status": "failed"}], "status": "failed", "traceback": "Traceback (most recent call last):\n  File \"/home/barberb/lift_coding/artifacts/source-combined-observation-performance-20261003/profile_full_context.py\", line 37, in <module>\n    receipt=owner.prepare_source384_context(repository=repository,source_hashes=retained['source_hashes'],output=out/'state',config_path=config,timeout_seconds=90)\n            ^^^^^^^^^^^^^^^^^^^^^^^^^^^^^^^^^^^^^^^^^^^^^^^^^^^^^^^^^^^^^^^^^^^^^^^^^^^^^^^^^^^^^^^^^^^^^^^^^^^^^^^^^^^^^^^^^^^^^^^^^^^^^^^^^^^^^^^^^^^^^^^^^^^^^^^\n  File \"/home/barberb/lift_coding/.worktrees/ir-release-accelerate-20261002/ipfs_accelerate_py/agent_supervisor/runtime/source384_repository_context.py\", line 228, in prepare_source384_context\n    inference = infer_shared_parent_units(index, root, expected_head=head, registry=registry,\n                ^^^^^^^^^^^^^^^^^^^^^^^^^^^^^^^^^^^^^^^^^^^^^^^^^^^^^^^^^^^^^^^^^^^^^^^^^^^^^\n  File \"/home/barberb/lift_coding/.worktrees/ir-release-datasets-20261002/ipfs_datasets_py/logic/software_contracts/codebase_source_units_384.py\", line 258, in infer_shared_parent_units\n    observe();remaining()\n    ^^^^^^^^^\n  File \"/home/barberb/lift_coding/.worktrees/ir-release-datasets-20261002/ipfs_datasets_py/logic/software_contracts/codebase_source_units_384.py\", line 237, in observe\n    index.observe_current(repository,expected_head=expected_head,parent_lease=lease,cancel_event=signal,\n  File \"/home/barberb/lift_coding/artifacts/source-combined-observation-performance-20261003/profile_full_context.py\", line 26, in wrapper\n    try:return original(*args,**kwargs)\n               ^^^^^^^^^^^^^^^^^^^^^^^^\n  File \"/home/barberb/lift_coding/.worktrees/ir-release-datasets-20261002/ipfs_datasets_py/logic/software_contracts/codebase_ir.py\", line 691, in observe_current\n    checkpoint()\n  File \"/home/barberb/lift_coding/.worktrees/ir-release-datasets-20261002/ipfs_datasets_py/logic/software_contracts/codebase_ir.py\", line 675, in checkpoint\n    raise LeaseTimeoutError(\"codebase observation deadline exceeded\")\nipfs_datasets_py.optimizers.logic_theorem_optimizer.resource_scheduler.LeaseTimeoutError: codebase observation deadline exceeded\n", "training_steps": 0}
