/tmp/ir-release-datasets-20261001/ipfs_datasets_py/optimizers/logic_theorem_optimizer/autoencoder_embedding_runtime.py:163: FutureWarning: The `get_sentence_embedding_dimension` method has been renamed to `get_embedding_dimension`.
  if model.get_sentence_embedding_dimension() != 384:
logic tree pin compiler=/tmp/ir-release-datasets-20261001/ipfs_datasets_py/logic/legal_ir/canonical_compiler.py decompiler=/tmp/ir-release-datasets-20261001/ipfs_datasets_py/logic/legal_ir/canonical_decompiler.py parser=/tmp/ir-release-datasets-20261001/ipfs_datasets_py/logic/deontic/utils/deontic_parser.py
logic tree pin compiler=/tmp/ir-release-datasets-20261001/ipfs_datasets_py/logic/legal_ir/canonical_compiler.py decompiler=/tmp/ir-release-datasets-20261001/ipfs_datasets_py/logic/legal_ir/canonical_decompiler.py parser=/tmp/ir-release-datasets-20261001/ipfs_datasets_py/logic/deontic/utils/deontic_parser.py
logic tree pin compiler=/tmp/ir-release-datasets-20261001/ipfs_datasets_py/logic/legal_ir/canonical_compiler.py decompiler=/tmp/ir-release-datasets-20261001/ipfs_datasets_py/logic/legal_ir/canonical_decompiler.py parser=/tmp/ir-release-datasets-20261001/ipfs_datasets_py/logic/deontic/utils/deontic_parser.py
logic tree pin compiler=/tmp/ir-release-datasets-20261001/ipfs_datasets_py/logic/legal_ir/canonical_compiler.py decompiler=/tmp/ir-release-datasets-20261001/ipfs_datasets_py/logic/legal_ir/canonical_decompiler.py parser=/tmp/ir-release-datasets-20261001/ipfs_datasets_py/logic/deontic/utils/deontic_parser.py
logic tree pin compiler=/tmp/ir-release-datasets-20261001/ipfs_datasets_py/logic/legal_ir/canonical_compiler.py decompiler=/tmp/ir-release-datasets-20261001/ipfs_datasets_py/logic/legal_ir/canonical_decompiler.py parser=/tmp/ir-release-datasets-20261001/ipfs_datasets_py/logic/deontic/utils/deontic_parser.py
logic tree pin compiler=/tmp/ir-release-datasets-20261001/ipfs_datasets_py/logic/legal_ir/canonical_compiler.py decompiler=/tmp/ir-release-datasets-20261001/ipfs_datasets_py/logic/legal_ir/canonical_decompiler.py parser=/tmp/ir-release-datasets-20261001/ipfs_datasets_py/logic/deontic/utils/deontic_parser.py
logic tree pin compiler=/tmp/ir-release-datasets-20261001/ipfs_datasets_py/logic/legal_ir/canonical_compiler.py decompiler=/tmp/ir-release-datasets-20261001/ipfs_datasets_py/logic/legal_ir/canonical_decompiler.py parser=/tmp/ir-release-datasets-20261001/ipfs_datasets_py/logic/deontic/utils/deontic_parser.py
logic tree pin compiler=/tmp/ir-release-datasets-20261001/ipfs_datasets_py/logic/legal_ir/canonical_compiler.py decompiler=/tmp/ir-release-datasets-20261001/ipfs_datasets_py/logic/legal_ir/canonical_decompiler.py parser=/tmp/ir-release-datasets-20261001/ipfs_datasets_py/logic/deontic/utils/deontic_parser.py
logic tree pin compiler=/tmp/ir-release-datasets-20261001/ipfs_datasets_py/logic/legal_ir/canonical_compiler.py decompiler=/tmp/ir-release-datasets-20261001/ipfs_datasets_py/logic/legal_ir/canonical_decompiler.py parser=/tmp/ir-release-datasets-20261001/ipfs_datasets_py/logic/deontic/utils/deontic_parser.py
logic tree pin compiler=/tmp/ir-release-datasets-20261001/ipfs_datasets_py/logic/legal_ir/canonical_compiler.py decompiler=/tmp/ir-release-datasets-20261001/ipfs_datasets_py/logic/legal_ir/canonical_decompiler.py parser=/tmp/ir-release-datasets-20261001/ipfs_datasets_py/logic/deontic/utils/deontic_parser.py
logic tree pin compiler=/tmp/ir-release-datasets-20261001/ipfs_datasets_py/logic/legal_ir/canonical_compiler.py decompiler=/tmp/ir-release-datasets-20261001/ipfs_datasets_py/logic/legal_ir/canonical_decompiler.py parser=/tmp/ir-release-datasets-20261001/ipfs_datasets_py/logic/deontic/utils/deontic_parser.py
logic tree pin compiler=/tmp/ir-release-datasets-20261001/ipfs_datasets_py/logic/legal_ir/canonical_compiler.py decompiler=/tmp/ir-release-datasets-20261001/ipfs_datasets_py/logic/legal_ir/canonical_decompiler.py parser=/tmp/ir-release-datasets-20261001/ipfs_datasets_py/logic/deontic/utils/deontic_parser.py
logic tree pin compiler=/tmp/ir-release-datasets-20261001/ipfs_datasets_py/logic/legal_ir/canonical_compiler.py decompiler=/tmp/ir-release-datasets-20261001/ipfs_datasets_py/logic/legal_ir/canonical_decompiler.py parser=/tmp/ir-release-datasets-20261001/ipfs_datasets_py/logic/deontic/utils/deontic_parser.py
logic tree pin compiler=/tmp/ir-release-datasets-20261001/ipfs_datasets_py/logic/legal_ir/canonical_compiler.py decompiler=/tmp/ir-release-datasets-20261001/ipfs_datasets_py/logic/legal_ir/canonical_decompiler.py parser=/tmp/ir-release-datasets-20261001/ipfs_datasets_py/logic/deontic/utils/deontic_parser.py
logic tree pin compiler=/tmp/ir-release-datasets-20261001/ipfs_datasets_py/logic/legal_ir/canonical_compiler.py decompiler=/tmp/ir-release-datasets-20261001/ipfs_datasets_py/logic/legal_ir/canonical_decompiler.py parser=/tmp/ir-release-datasets-20261001/ipfs_datasets_py/logic/deontic/utils/deontic_parser.py
logic tree pin compiler=/tmp/ir-release-datasets-20261001/ipfs_datasets_py/logic/legal_ir/canonical_compiler.py decompiler=/tmp/ir-release-datasets-20261001/ipfs_datasets_py/logic/legal_ir/canonical_decompiler.py parser=/tmp/ir-release-datasets-20261001/ipfs_datasets_py/logic/deontic/utils/deontic_parser.py
Traceback (most recent call last):
  File "/home/barberb/lift_coding/artifacts/intent-code-effects-20261002/reproduce.py", line 118, in <module>
    assert native["all_candidates_checked"], native.get("execution")
           ~~~~~~^^^^^^^^^^^^^^^^^^^^^^^^^^
AssertionError: {'backend_executed': False, 'reason': 'no_supported_Intent_code_contracts', 'status': 'blocked'}
