============================= test session starts ==============================
platform linux -- Python 3.12.3, pytest-9.1.1, pluggy-1.6.0
benchmark: 5.2.3 (defaults: timer=time.perf_counter disable_gc=False min_rounds=5 min_time=0.000005 max_time=1.0 calibration_precision=10 warmup=False warmup_iterations=100000)
rootdir: /tmp/ir-release-datasets-20261001
configfile: pytest.ini (WARNING: ignoring pytest config in pyproject.toml!)
plugins: mock-3.15.1, xdist-3.8.0, benchmark-5.2.3, cov-7.1.0, base-url-2.1.0, trio-0.8.0, typeguard-4.5.2, env-1.7.0, hypothesis-6.152.1, playwright-0.8.0, timeout-2.4.0
asyncio: mode=Mode.STRICT, debug=False, asyncio_default_fixture_loop_scope=function, asyncio_default_test_loop_scope=function
collected 15 items

tests/integration/logic/software_contracts/test_codebase_ducklake_history.py . [  6%]
............F.                                                           [100%]

=================================== FAILURES ===================================
_ test_actual_crash_after_native_lake_commit_recovers_same_frozen_batch_in_fresh_process _
tests/integration/logic/software_contracts/test_codebase_ducklake_history.py:169: in test_actual_crash_after_native_lake_commit_recovers_same_frozen_batch_in_fresh_process
    journal=json.loads((root/'crash-journal/journal.json').read_text())
                       ^^^^^^^^^^^^^^^^^^^^^^^^^^^^^^^^^^^^^^^^^^^^^^^
/usr/lib/python3.12/pathlib.py:1029: in read_text
    with self.open(mode='r', encoding=encoding, errors=errors) as f:
         ^^^^^^^^^^^^^^^^^^^^^^^^^^^^^^^^^^^^^^^^^^^^^^^^^^^^^
/usr/lib/python3.12/pathlib.py:1015: in open
    return io.open(self, mode, buffering, encoding, errors, newline)
           ^^^^^^^^^^^^^^^^^^^^^^^^^^^^^^^^^^^^^^^^^^^^^^^^^^^^^^^^^
E   FileNotFoundError: [Errno 2] No such file or directory: '/tmp/pytest-of-barberb/pytest-4658/test_actual_crash_after_native0/crash-journal/journal.json'
=========================== short test summary info ============================
FAILED tests/integration/logic/software_contracts/test_codebase_ducklake_history.py::test_actual_crash_after_native_lake_commit_recovers_same_frozen_batch_in_fresh_process
======================== 1 failed, 14 passed in 47.24s =========================
