Traceback (most recent call last):
  File "/usr/lib/python3.12/importlib/metadata/__init__.py", line 397, in from_name
    return next(cls.discover(name=name))
           ^^^^^^^^^^^^^^^^^^^^^^^^^^^^^
StopIteration

During handling of the above exception, another exception occurred:

Traceback (most recent call last):
  File "/home/barberb/lift_coding/artifacts/source384-sql-persistence-20261003/runtime-diagnosis/dependency_timing_probe.py", line 24, in <module>
    import duckdb
  File "/home/barberb/lift_coding/artifacts/source384-sql-persistence-20261003/runtime-diagnosis/deps-available/duckdb/__init__.py", line 168, in <module>
    from duckdb._version import (
  File "/home/barberb/lift_coding/artifacts/source384-sql-persistence-20261003/runtime-diagnosis/deps-available/duckdb/_version.py", line 13, in <module>
    __version__: str = _dist_version("duckdb")
                       ^^^^^^^^^^^^^^^^^^^^^^^
  File "/usr/lib/python3.12/importlib/metadata/__init__.py", line 889, in version
    return distribution(distribution_name).version
           ^^^^^^^^^^^^^^^^^^^^^^^^^^^^^^^
  File "/usr/lib/python3.12/importlib/metadata/__init__.py", line 862, in distribution
    return Distribution.from_name(distribution_name)
           ^^^^^^^^^^^^^^^^^^^^^^^^^^^^^^^^^^^^^^^^^
  File "/usr/lib/python3.12/importlib/metadata/__init__.py", line 399, in from_name
    raise PackageNotFoundError(name)
importlib.metadata.PackageNotFoundError: No package metadata was found for duckdb
