logic tree pin compiler=/home/barberb/lift_coding/external/ipfs_datasets/ipfs_datasets_py/logic/legal_ir/canonical_compiler.py decompiler=/home/barberb/lift_coding/external/ipfs_datasets/ipfs_datasets_py/logic/legal_ir/canonical_decompiler.py parser=/home/barberb/lift_coding/external/ipfs_datasets/ipfs_datasets_py/logic/deontic/utils/deontic_parser.py
logic tree pin compiler=/home/barberb/lift_coding/external/ipfs_datasets/ipfs_datasets_py/logic/legal_ir/canonical_compiler.py decompiler=/home/barberb/lift_coding/external/ipfs_datasets/ipfs_datasets_py/logic/legal_ir/canonical_decompiler.py parser=/home/barberb/lift_coding/external/ipfs_datasets/ipfs_datasets_py/logic/deontic/utils/deontic_parser.py
{"config_sha256": "db4b4f7c06b2bf2eb1080988c9d3dc14fbfdbab4341d68fc02b981c5886d8da8", "monotonic_ns": 1119898442993333, "native_started": false, "pid": 3249297, "runtime_root": "/home/barberb/lift_coding/external/ipfs_datasets/workspace/test-logs/federal-corpus-audits/concurrent-autoformal-diagnosis-20260927/capture-r2/supervisor/lanes/training", "stage": "ready", "utc": "2026-09-27T23:26:31.808210+00:00"}
logic tree pin compiler=/home/barberb/lift_coding/external/ipfs_datasets/ipfs_datasets_py/logic/legal_ir/canonical_compiler.py decompiler=/home/barberb/lift_coding/external/ipfs_datasets/ipfs_datasets_py/logic/legal_ir/canonical_decompiler.py parser=/home/barberb/lift_coding/external/ipfs_datasets/ipfs_datasets_py/logic/deontic/utils/deontic_parser.py
logic tree pin compiler=/home/barberb/lift_coding/external/ipfs_datasets/ipfs_datasets_py/logic/legal_ir/canonical_compiler.py decompiler=/home/barberb/lift_coding/external/ipfs_datasets/ipfs_datasets_py/logic/legal_ir/canonical_decompiler.py parser=/home/barberb/lift_coding/external/ipfs_datasets/ipfs_datasets_py/logic/deontic/utils/deontic_parser.py
logic tree pin compiler=/home/barberb/lift_coding/external/ipfs_datasets/ipfs_datasets_py/logic/legal_ir/canonical_compiler.py decompiler=/home/barberb/lift_coding/external/ipfs_datasets/ipfs_datasets_py/logic/legal_ir/canonical_decompiler.py parser=/home/barberb/lift_coding/external/ipfs_datasets/ipfs_datasets_py/logic/deontic/utils/deontic_parser.py
[ipfs_datasets_py] ergoai: resolving managed ErgoAI for ErgoAIWrapper requested
[ipfs_datasets_py] ergoai: checking whether ergoai is already available
[ipfs_datasets_py] ergoai: installation started because ErgoAIWrapper requested
[ipfs_datasets_py] ergoai: installation did not make the prover available
[ipfs_datasets_py] ergoai: resolving managed ErgoAI for ErgoAIWrapper requested
[ipfs_datasets_py] ergoai: resolving managed ErgoAI for ErgoAIWrapper requested
[ipfs_datasets_py] ergoai: resolving managed ErgoAI for ErgoAIWrapper requested
logic tree pin compiler=/home/barberb/lift_coding/external/ipfs_datasets/ipfs_datasets_py/logic/legal_ir/canonical_compiler.py decompiler=/home/barberb/lift_coding/external/ipfs_datasets/ipfs_datasets_py/logic/legal_ir/canonical_decompiler.py parser=/home/barberb/lift_coding/external/ipfs_datasets/ipfs_datasets_py/logic/deontic/utils/deontic_parser.py
{"admitted": false, "all_bridge_reports_accepted": false, "all_requested_bridge_reports_received": false, "artifact_observed_and_verified": true, "exit_code": 0, "source_unchanged": true}
logic tree pin compiler=/home/barberb/lift_coding/external/ipfs_datasets/ipfs_datasets_py/logic/legal_ir/canonical_compiler.py decompiler=/home/barberb/lift_coding/external/ipfs_datasets/ipfs_datasets_py/logic/legal_ir/canonical_decompiler.py parser=/home/barberb/lift_coding/external/ipfs_datasets/ipfs_datasets_py/logic/deontic/utils/deontic_parser.py
logic tree pin compiler=/home/barberb/lift_coding/external/ipfs_datasets/ipfs_datasets_py/logic/legal_ir/canonical_compiler.py decompiler=/home/barberb/lift_coding/external/ipfs_datasets/ipfs_datasets_py/logic/legal_ir/canonical_decompiler.py parser=/home/barberb/lift_coding/external/ipfs_datasets/ipfs_datasets_py/logic/deontic/utils/deontic_parser.py
[ipfs_datasets_py] ergoai: resolving managed ErgoAI for ErgoAIWrapper requested
[ipfs_datasets_py] ergoai: resolving managed ErgoAI for ErgoAIWrapper requested
[ipfs_datasets_py] ergoai: resolving managed ErgoAI for ErgoAIWrapper requested
[ipfs_datasets_py] ergoai: resolving managed ErgoAI for ErgoAIWrapper requested
logic tree pin compiler=/home/barberb/lift_coding/external/ipfs_datasets/ipfs_datasets_py/logic/legal_ir/canonical_compiler.py decompiler=/home/barberb/lift_coding/external/ipfs_datasets/ipfs_datasets_py/logic/legal_ir/canonical_decompiler.py parser=/home/barberb/lift_coding/external/ipfs_datasets/ipfs_datasets_py/logic/deontic/utils/deontic_parser.py
{"admitted": false, "all_bridge_reports_accepted": false, "all_requested_bridge_reports_received": false, "artifact_observed_and_verified": true, "exit_code": 0, "source_unchanged": true}
{"error": {"message": "complete five-bridge targets unavailable after two retained observations", "type": "RuntimeError"}, "monotonic_ns": 1120041282115945, "pid": 3249297, "stage": "failed", "utc": "2026-09-27T23:28:54.647334+00:00"}
{"completed": false, "monotonic_ns": 1120041310412358, "optimizer_accepted_epochs": null, "pid": 3249297, "stage": "complete", "utc": "2026-09-27T23:28:54.675628+00:00"}
