============================= test session starts ==============================
platform linux -- Python 3.12.3, pytest-9.1.1, pluggy-1.6.0
benchmark: 5.2.3 (defaults: timer=time.perf_counter disable_gc=False min_rounds=5 min_time=0.000005 max_time=1.0 calibration_precision=10 warmup=False warmup_iterations=100000)
rootdir: /tmp/ir-release-datasets-20261001
configfile: pytest.ini (WARNING: ignoring pytest config in pyproject.toml!)
plugins: mock-3.15.1, xdist-3.8.0, benchmark-5.2.3, cov-7.1.0, base-url-2.1.0, trio-0.8.0, typeguard-4.5.2, env-1.7.0, hypothesis-6.152.1, playwright-0.8.0, timeout-2.4.0
asyncio: mode=Mode.STRICT, debug=False, asyncio_default_fixture_loop_scope=function, asyncio_default_test_loop_scope=function
collected 777 items

tests/unit/logic/formalization/autoencoder/test_distributed_384_candidate_native_lake.py . [  0%]
......................                                                   [  2%]
tests/unit/logic/formalization/autoencoder/test_distributed_384_codeunit_program_lean.py . [  3%]
.........                                                                [  4%]
tests/unit/logic/formalization/autoencoder/test_distributed_384_exchange.py . [  4%]
............................                                             [  7%]
tests/unit/logic/formalization/autoencoder/test_distributed_384_integrity.py . [  8%]
....................................                                     [ 12%]
tests/unit/logic/formalization/autoencoder/test_distributed_384_intent_world_model.py . [ 12%]
...........                                                              [ 14%]
tests/unit/logic/formalization/autoencoder/test_distributed_384_interpreted_native_lake.py . [ 14%]
.......                                                                  [ 15%]
tests/unit/logic/formalization/autoencoder/test_distributed_384_legal_ui_inputs.py . [ 15%]
.....................................                                    [ 20%]
tests/unit/logic/formalization/autoencoder/test_distributed_384_numerics.py . [ 20%]
............................................sss                          [ 26%]
tests/unit/logic/formalization/autoencoder/test_distributed_384_paired_export.py . [ 26%]
...................................                                      [ 31%]
tests/unit/logic/formalization/autoencoder/test_distributed_384_profiles.py . [ 31%]
..................................                                       [ 35%]
tests/unit/logic/formalization/autoencoder/test_distributed_384_projection_inputs.py . [ 35%]
......................                                                   [ 38%]
tests/unit/logic/formalization/autoencoder/test_distributed_384_projections_v2.py . [ 38%]
..........................................................               [ 46%]
tests/unit/logic/formalization/autoencoder/test_distributed_384_qualification.py . [ 46%]
............                                                             [ 47%]
tests/unit/logic/formalization/autoencoder/test_distributed_384_runner.py . [ 47%]
............                                                             [ 49%]
tests/unit/logic/formalization/autoencoder/test_distributed_384_store.py . [ 49%]
.............................                                            [ 53%]
tests/unit/logic/formalization/autoencoder/test_distributed_384_supplemental_context.py . [ 53%]
..............                                                           [ 55%]
tests/unit/logic/formalization/autoencoder/test_distributed_384_supplemental_native_lake.py . [ 55%]
.............                                                            [ 57%]
tests/unit/logic/formalization/autoencoder/test_distributed_384_supplemental_replay_boundaries.py . [ 57%]
.............                                                            [ 58%]
tests/unit/logic/formalization/autoencoder/test_family_training_v7.py .. [ 59%]
..........................................                               [ 64%]
tests/unit/logic/formalization/autoencoder/test_structured_source_384.py . [ 64%]
......................................                                   [ 69%]
tests/unit/logic/formalization/autoencoder/test_source_program_lake_384.py . [ 69%]
........                                                                 [ 70%]
tests/unit/logic/formalization/autoencoder/test_parallel_projection_checks.py . [ 70%]
............................................                             [ 76%]
tests/unit/logic/formalization/autoencoder/test_training_readiness.py .. [ 76%]
...........................                                              [ 80%]
tests/unit/logic/formalization/autoencoder/test_native_authorization_lean.py . [ 80%]
......................                                                   [ 83%]
tests/unit/logic/formalization/autoencoder/test_native_concurrency_lean.py . [ 83%]
.....................................                                    [ 88%]
tests/unit/logic/formalization/autoencoder/test_native_protocol_lean.py . [ 88%]
....................                                                     [ 90%]
tests/unit/logic/formalization/autoencoder/test_native_refinement_lean.py . [ 90%]
....................                                                     [ 93%]
tests/unit/logic/software_verification/test_authorization.py ........... [ 94%]
........                                                                 [ 95%]
tests/unit/logic/software_verification/test_concurrency_refinement.py .. [ 96%]
...........                                                              [ 97%]
tests/unit/logic/software_verification/test_protocol.py ................ [ 99%]
...                                                                      [100%]

================== 774 passed, 3 skipped in 390.85s (0:06:30) ==================
