logic tree pin compiler=/home/barberb/lift_coding/external/ipfs_datasets/ipfs_datasets_py/logic/legal_ir/canonical_compiler.py decompiler=/home/barberb/lift_coding/external/ipfs_datasets/ipfs_datasets_py/logic/legal_ir/canonical_decompiler.py parser=/home/barberb/lift_coding/external/ipfs_datasets/ipfs_datasets_py/logic/deontic/utils/deontic_parser.py
logic tree pin compiler=/home/barberb/lift_coding/external/ipfs_datasets/ipfs_datasets_py/logic/legal_ir/canonical_compiler.py decompiler=/home/barberb/lift_coding/external/ipfs_datasets/ipfs_datasets_py/logic/legal_ir/canonical_decompiler.py parser=/home/barberb/lift_coding/external/ipfs_datasets/ipfs_datasets_py/logic/deontic/utils/deontic_parser.py
{"monotonic_ns": 1121407296510235, "pid": 3613525, "stage": "canonical_imports_checked"}
logic tree pin compiler=/home/barberb/lift_coding/external/ipfs_datasets/ipfs_datasets_py/logic/legal_ir/canonical_compiler.py decompiler=/home/barberb/lift_coding/external/ipfs_datasets/ipfs_datasets_py/logic/legal_ir/canonical_decompiler.py parser=/home/barberb/lift_coding/external/ipfs_datasets/ipfs_datasets_py/logic/deontic/utils/deontic_parser.py
{"monotonic_ns": 1121408005915984, "pid": 3613525, "stage": "strict_gates_checked"}
{"monotonic_ns": 1121409308695581, "passed": true, "pid": 3613525, "stage": "lake_build_finished"}
{"monotonic_ns": 1121409845715045, "pid": 3613525, "sample_count": 5, "stage": "historical_bundle_verified"}
{"dcec": true, "monotonic_ns": 1121411256286117, "pid": 3613525, "sample_id": "us-code-synthetic-smoke-fixture-backup-5660d5d7bc9b6722", "stage": "native_programs_checked", "tdfol": true}
['/home/barberb/lift_coding/.git/modules/external/ipfs_datasets/concurrent-autoformal-diagnosis-20260927/harness', '/home/barberb/lift_coding/external/ipfs_datasets/workspace/test-logs/federal-corpus-audits/concurrent-autoformal-dependency-20260927/capture-r3/published-source', '/home/barberb/lift_coding/external/ipfs_datasets', '/home/barberb/lift_coding/.git/modules/external/ipfs_datasets/concurrent-autoformal-diagnosis-20260927/harness', '/home/barberb/lift_coding/.git/modules/external/ipfs_datasets/concurrent-autoformal-diagnosis-20260927', '/usr/lib/python312.zip', '/usr/lib/python3.12', '/usr/lib/python3.12/lib-dynload', '/home/barberb/.local/lib/python3.12/site-packages', '__editable__.ipfs_datasets_py-0.2.0.finder.__path_hook__', '__editable__.ipfs_kit_py-0.3.0.finder.__path_hook__', '/usr/local/lib/python3.12/dist-packages', '/usr/lib/python3/dist-packages']
SymbolicAI not available. Logic verification will use fallback methods.
['/home/barberb/lift_coding/.git/modules/external/ipfs_datasets/concurrent-autoformal-diagnosis-20260927/harness', '/home/barberb/lift_coding/external/ipfs_datasets/workspace/test-logs/federal-corpus-audits/concurrent-autoformal-dependency-20260927/capture-r3/published-source', '/home/barberb/lift_coding/external/ipfs_datasets', '/home/barberb/lift_coding/.git/modules/external/ipfs_datasets/concurrent-autoformal-diagnosis-20260927/harness', '/home/barberb/lift_coding/.git/modules/external/ipfs_datasets/concurrent-autoformal-diagnosis-20260927', '/usr/lib/python312.zip', '/usr/lib/python3.12', '/usr/lib/python3.12/lib-dynload', '/home/barberb/.local/lib/python3.12/site-packages', '__editable__.ipfs_datasets_py-0.2.0.finder.__path_hook__', '__editable__.ipfs_kit_py-0.3.0.finder.__path_hook__', '/usr/local/lib/python3.12/dist-packages', '/usr/lib/python3/dist-packages']
['/home/barberb/lift_coding/.git/modules/external/ipfs_datasets/concurrent-autoformal-diagnosis-20260927/harness', '/home/barberb/lift_coding/external/ipfs_datasets/workspace/test-logs/federal-corpus-audits/concurrent-autoformal-dependency-20260927/capture-r3/published-source', '/home/barberb/lift_coding/external/ipfs_datasets', '/home/barberb/lift_coding/.git/modules/external/ipfs_datasets/concurrent-autoformal-diagnosis-20260927/harness', '/home/barberb/lift_coding/.git/modules/external/ipfs_datasets/concurrent-autoformal-diagnosis-20260927', '/usr/lib/python312.zip', '/usr/lib/python3.12', '/usr/lib/python3.12/lib-dynload', '/home/barberb/.local/lib/python3.12/site-packages', '__editable__.ipfs_datasets_py-0.2.0.finder.__path_hook__', '__editable__.ipfs_kit_py-0.3.0.finder.__path_hook__', '/usr/local/lib/python3.12/dist-packages', '/usr/lib/python3/dist-packages']
SymbolicAI not available. Install with: pip install symbolicai
['/home/barberb/lift_coding/.git/modules/external/ipfs_datasets/concurrent-autoformal-diagnosis-20260927/harness', '/home/barberb/lift_coding/external/ipfs_datasets/workspace/test-logs/federal-corpus-audits/concurrent-autoformal-dependency-20260927/capture-r3/published-source', '/home/barberb/lift_coding/external/ipfs_datasets', '/home/barberb/lift_coding/.git/modules/external/ipfs_datasets/concurrent-autoformal-diagnosis-20260927/harness', '/home/barberb/lift_coding/.git/modules/external/ipfs_datasets/concurrent-autoformal-diagnosis-20260927', '/usr/lib/python312.zip', '/usr/lib/python3.12', '/usr/lib/python3.12/lib-dynload', '/home/barberb/.local/lib/python3.12/site-packages', '__editable__.ipfs_datasets_py-0.2.0.finder.__path_hook__', '__editable__.ipfs_kit_py-0.3.0.finder.__path_hook__', '/usr/local/lib/python3.12/dist-packages', '/usr/lib/python3/dist-packages']
['/home/barberb/lift_coding/.git/modules/external/ipfs_datasets/concurrent-autoformal-diagnosis-20260927/harness', '/home/barberb/lift_coding/external/ipfs_datasets/workspace/test-logs/federal-corpus-audits/concurrent-autoformal-dependency-20260927/capture-r3/published-source', '/home/barberb/lift_coding/external/ipfs_datasets', '/home/barberb/lift_coding/.git/modules/external/ipfs_datasets/concurrent-autoformal-diagnosis-20260927/harness', '/home/barberb/lift_coding/.git/modules/external/ipfs_datasets/concurrent-autoformal-diagnosis-20260927', '/usr/lib/python312.zip', '/usr/lib/python3.12', '/usr/lib/python3.12/lib-dynload', '/home/barberb/.local/lib/python3.12/site-packages', '__editable__.ipfs_datasets_py-0.2.0.finder.__path_hook__', '__editable__.ipfs_kit_py-0.3.0.finder.__path_hook__', '/usr/local/lib/python3.12/dist-packages', '/usr/lib/python3/dist-packages']
SymbolicAI not available. Some features will be limited.
{"monotonic_ns": 1121412687835732, "pid": 3613525, "sample_id": "us-code-synthetic-smoke-fixture-backup-5660d5d7bc9b6722", "stage": "before_actual_adapter_construction", "triple_count": 8122}
{"monotonic_ns": 1121417981623730, "pid": 3613525, "sample_id": "us-code-synthetic-smoke-fixture-backup-5660d5d7bc9b6722", "seconds": 5.28947023791261, "stage": "actual_adapter_constructed", "total_formula_count": 8126}
{"monotonic_ns": 1121418020435313, "pid": 3613525, "sample_id": "us-code-synthetic-smoke-fixture-backup-5660d5d7bc9b6722", "stage": "shared_context_checked", "valid": true}
{"count": 8122, "monotonic_ns": 1121418208139701, "pid": 3613525, "sample_id": "us-code-synthetic-smoke-fixture-backup-5660d5d7bc9b6722", "stage": "all_frame_formulas_checked", "valid": true}
{"dcec": true, "monotonic_ns": 1121418454446994, "pid": 3613525, "sample_id": "us-code-synthetic-smoke-fixture-prohibit-e4ade102729ad877", "stage": "native_programs_checked", "tdfol": true}
{"monotonic_ns": 1121418460464453, "pid": 3613525, "sample_id": "us-code-synthetic-smoke-fixture-prohibit-e4ade102729ad877", "stage": "before_actual_adapter_construction", "triple_count": 2258}
{"monotonic_ns": 1121418721218420, "pid": 3613525, "sample_id": "us-code-synthetic-smoke-fixture-prohibit-e4ade102729ad877", "seconds": 0.2563341099303216, "stage": "actual_adapter_constructed", "total_formula_count": 2259}
{"monotonic_ns": 1121418745173038, "pid": 3613525, "sample_id": "us-code-synthetic-smoke-fixture-prohibit-e4ade102729ad877", "stage": "shared_context_checked", "valid": true}
{"count": 2258, "monotonic_ns": 1121418801667473, "pid": 3613525, "sample_id": "us-code-synthetic-smoke-fixture-prohibit-e4ade102729ad877", "stage": "all_frame_formulas_checked", "valid": true}
{"dcec": true, "monotonic_ns": 1121419025035105, "pid": 3613525, "sample_id": "us-code-synthetic-smoke-fixture-minimum-ca3d9c73d0bee5b8", "stage": "native_programs_checked", "tdfol": true}
{"monotonic_ns": 1121419032125840, "pid": 3613525, "sample_id": "us-code-synthetic-smoke-fixture-minimum-ca3d9c73d0bee5b8", "stage": "before_actual_adapter_construction", "triple_count": 2278}
{"monotonic_ns": 1121419298923570, "pid": 3613525, "sample_id": "us-code-synthetic-smoke-fixture-minimum-ca3d9c73d0bee5b8", "seconds": 0.2631586818024516, "stage": "actual_adapter_constructed", "total_formula_count": 2279}
{"monotonic_ns": 1121419315352025, "pid": 3613525, "sample_id": "us-code-synthetic-smoke-fixture-minimum-ca3d9c73d0bee5b8", "stage": "shared_context_checked", "valid": true}
{"count": 2278, "monotonic_ns": 1121419373584895, "pid": 3613525, "sample_id": "us-code-synthetic-smoke-fixture-minimum-ca3d9c73d0bee5b8", "stage": "all_frame_formulas_checked", "valid": true}
{"passed": true, "receipt": "/home/barberb/lift_coding/external/ipfs_datasets/workspace/test-logs/federal-corpus-audits/concurrent-autoformal-diagnosis-20260927/formal-followup-r1/formal/followup-receipt.json", "error": null}
