============================= test session starts ==============================
platform linux -- Python 3.12.3, pytest-9.1.1, pluggy-1.6.0
benchmark: 5.2.3 (defaults: timer=time.perf_counter disable_gc=False min_rounds=5 min_time=0.000005 max_time=1.0 calibration_precision=10 warmup=False warmup_iterations=100000)
rootdir: /tmp/ir-release-datasets-20261001
configfile: pytest.ini (WARNING: ignoring pytest config in pyproject.toml!)
plugins: mock-3.15.1, xdist-3.8.0, benchmark-5.2.3, cov-7.1.0, base-url-2.1.0, trio-0.8.0, typeguard-4.5.2, env-1.7.0, hypothesis-6.152.1, playwright-0.8.0, timeout-2.4.0
asyncio: mode=Mode.STRICT, debug=False, asyncio_default_fixture_loop_scope=function, asyncio_default_test_loop_scope=function
collected 16 items / 15 deselected / 1 selected

tests/integration/logic/software_contracts/test_codebase_obligation_portfolio.py E [100%]

==================================== ERRORS ====================================
_ ERROR at setup of test_actual_two_independent_units_six_native_families_and_required_bridges _
tests/integration/logic/software_contracts/test_codebase_obligation_portfolio.py:62: in repository
    with RepositoryResourceBridge(ResourceScheduler(ResourcePolicy(max_lanes=8))).reserve(repository_id='portfolio:fixture',
/usr/lib/python3.12/contextlib.py:137: in __enter__
    return next(self.gen)
           ^^^^^^^^^^^^^^
../ir-release-accelerate-20261001/ipfs_accelerate_py/agent_supervisor/runtime/repository_resource_bridge.py:303: in reserve
    _require(local is not None and decision.admitted, "supervisor lane policy refused repository envelope: " + decision.reason)
../ir-release-accelerate-20261001/ipfs_accelerate_py/agent_supervisor/runtime/repository_resource_bridge.py:56: in _require
    raise RepositoryResourceError(message)
E   ipfs_accelerate_py.agent_supervisor.runtime.repository_resource_bridge.RepositoryResourceError: supervisor lane policy refused repository envelope: host_disk_high_watermark
=========================== short test summary info ============================
ERROR tests/integration/logic/software_contracts/test_codebase_obligation_portfolio.py::test_actual_two_independent_units_six_native_families_and_required_bridges
======================= 15 deselected, 1 error in 0.79s ========================
