============================= test session starts ==============================
platform linux -- Python 3.12.3, pytest-9.1.1, pluggy-1.6.0
benchmark: 5.2.3 (defaults: timer=time.perf_counter disable_gc=False min_rounds=5 min_time=0.000005 max_time=1.0 calibration_precision=10 warmup=False warmup_iterations=100000)
rootdir: /tmp/ir-release-datasets-20261001
configfile: pytest.ini (WARNING: ignoring pytest config in pyproject.toml!)
plugins: mock-3.15.1, xdist-3.8.0, benchmark-5.2.3, cov-7.1.0, base-url-2.1.0, trio-0.8.0, typeguard-4.5.2, env-1.7.0, hypothesis-6.152.1, playwright-0.8.0, timeout-2.4.0
asyncio: mode=Mode.STRICT, debug=False, asyncio_default_fixture_loop_scope=function, asyncio_default_test_loop_scope=function
collected 14 items / 13 deselected / 1 selected

tests/integration/logic/software_contracts/test_codebase_obligation_portfolio.py E [100%]

==================================== ERRORS ====================================
_ ERROR at setup of test_actual_two_independent_units_six_native_families_and_required_bridges _
tests/integration/logic/software_contracts/test_codebase_obligation_portfolio.py:64: in repository
    with parent.phase(RepositoryPhaseDemand('scan')) as phase:
ipfs_datasets_py/logic/software_contracts/codebase_scan_policy.py:383: in prepare_policy_current
    publication = index.prepare_current(root, repository_id=repository_id,
ipfs_datasets_py/logic/software_contracts/codebase_ir.py:299: in prepare_current
    self._prepare(
ipfs_datasets_py/logic/software_contracts/codebase_ir.py:343: in _prepare
    with acquire_codebase_resources(
/usr/lib/python3.12/contextlib.py:137: in __enter__
    return next(self.gen)
           ^^^^^^^^^^^^^^
ipfs_datasets_py/logic/software_contracts/codebase_resources.py:75: in acquire_codebase_resources
    lease = parent_lease.acquire_child(**request)
            ^^^^^^^^^^^^^^^^^^^^^^^^^^^^^^^^^^^^^
ipfs_datasets_py/optimizers/logic_theorem_optimizer/resource_scheduler.py:720: in acquire_child
    return self._scheduler.acquire(
ipfs_datasets_py/optimizers/logic_theorem_optimizer/resource_scheduler.py:1502: in acquire
    raise LeaseTimeoutError("timed out waiting for a resource lease")
E   ipfs_datasets_py.optimizers.logic_theorem_optimizer.resource_scheduler.LeaseTimeoutError: timed out waiting for a resource lease
=========================== short test summary info ============================
ERROR tests/integration/logic/software_contracts/test_codebase_obligation_portfolio.py::test_actual_two_independent_units_six_native_families_and_required_bridges
================= 13 deselected, 1 error in 300.93s (0:05:00) ==================
