[1m============================= test session starts ==============================[0m
platform linux -- Python 3.12.3, pytest-9.1.1, pluggy-1.6.0
benchmark: 5.2.3 (defaults: timer=time.perf_counter disable_gc=False min_rounds=5 min_time=0.000005 max_time=1.0 calibration_precision=10 warmup=False warmup_iterations=100000)
rootdir: /tmp/ir-release-accelerate-20261001/test
configfile: pytest.ini
plugins: mock-3.15.1, xdist-3.8.0, benchmark-5.2.3, cov-7.1.0, base-url-2.1.0, asyncio-1.3.0, trio-0.8.0, typeguard-4.5.2, env-1.7.0, hypothesis-6.152.1, playwright-0.8.0, timeout-2.4.0, anyio-4.14.2
asyncio: mode=Mode.STRICT, debug=False, asyncio_default_fixture_loop_scope=None, asyncio_default_test_loop_scope=function
collected 40 items

test/unit/test_codebase_federated_history.py::test_exact_index_recovers_after_native_inventory_bound[1001] [32mPASSED[0m[32m [  2%][0m
test/unit/test_codebase_federated_history.py::test_exact_index_recovers_after_native_inventory_bound[10000] [32mPASSED[0m[32m [  5%][0m
test/unit/test_codebase_federated_history.py::test_absent_request_does_not_submit_or_change_queue [32mPASSED[0m[32m [  7%][0m
test/unit/test_codebase_federated_history.py::test_detached_completed_row_survives_native_queue_restart [32mPASSED[0m[32m [ 10%][0m
test/unit/test_codebase_federated_history.py::test_lookup_preserves_native_state_and_attempt_without_claiming[queued] [32mPASSED[0m[32m [ 12%][0m
test/unit/test_codebase_federated_history.py::test_lookup_preserves_native_state_and_attempt_without_claiming[running] [32mPASSED[0m[32m [ 15%][0m
test/unit/test_codebase_federated_history.py::test_lookup_preserves_native_state_and_attempt_without_claiming[completed] [32mPASSED[0m[32m [ 17%][0m
test/unit/test_codebase_federated_history.py::test_lookup_preserves_native_state_and_attempt_without_claiming[failed] [32mPASSED[0m[32m [ 20%][0m
test/unit/test_codebase_federated_history.py::test_lookup_preserves_native_state_and_attempt_without_claiming[cancelled] [32mPASSED[0m[32m [ 22%][0m
test/unit/test_codebase_federated_history.py::test_invalid_request_identity_rejected_before_native_read[None] [32mPASSED[0m[32m [ 25%][0m
test/unit/test_codebase_federated_history.py::test_invalid_request_identity_rejected_before_native_read[3] [32mPASSED[0m[32m [ 27%][0m
test/unit/test_codebase_federated_history.py::test_invalid_request_identity_rejected_before_native_read[True] [32mPASSED[0m[32m [ 30%][0m
test/unit/test_codebase_federated_history.py::test_invalid_request_identity_rejected_before_native_read[] [32mPASSED[0m[32m [ 32%][0m
test/unit/test_codebase_federated_history.py::test_invalid_request_identity_rejected_before_native_read[AAAAAAAAAAAAAAAAAAAAAAAAAAAAAAAAAAAAAAAAAAAAAAAAAAAAAAAAAAAAAAAA] [32mPASSED[0m[32m [ 35%][0m
test/unit/test_codebase_federated_history.py::test_invalid_request_identity_rejected_before_native_read[aaaaaaaaaaaaaaaaaaaaaaaaaaaaaaaaaaaaaaaaaaaaaaaaaaaaaaaaaaaaaaa] [32mPASSED[0m[32m [ 37%][0m
test/unit/test_codebase_federated_history.py::test_invalid_request_identity_rejected_before_native_read[aaaaaaaaaaaaaaaaaaaaaaaaaaaaaaaaaaaaaaaaaaaaaaaaaaaaaaaaaaaaaaaaa] [32mPASSED[0m[32m [ 40%][0m
test/unit/test_codebase_federated_history.py::test_invalid_request_identity_rejected_before_native_read[aaaaaaaaaaaaaaaaaaaaaaaaaaaaaaaaaaaaaaaaaaaaaaaaaaaaaaaaaaaaaaaa\n] [32mPASSED[0m[32m [ 42%][0m
test/unit/test_codebase_federated_history.py::test_non_native_or_oversized_payload_rejected_before_native_read[bad0] [32mPASSED[0m[32m [ 45%][0m
test/unit/test_codebase_federated_history.py::test_non_native_or_oversized_payload_rejected_before_native_read[bad1] [32mPASSED[0m[32m [ 47%][0m
test/unit/test_codebase_federated_history.py::test_non_native_or_oversized_payload_rejected_before_native_read[bad2] [32mPASSED[0m[32m [ 50%][0m
test/unit/test_codebase_federated_history.py::test_non_native_or_oversized_payload_rejected_before_native_read[bad3] [32mPASSED[0m[32m [ 52%][0m
test/unit/test_codebase_federated_history.py::test_invalid_model_rejected_before_native_read[None] [32mPASSED[0m[32m [ 55%][0m
test/unit/test_codebase_federated_history.py::test_invalid_model_rejected_before_native_read[12] [32mPASSED[0m[32m [ 57%][0m
test/unit/test_codebase_federated_history.py::test_invalid_model_rejected_before_native_read[] [32mPASSED[0m[32m [ 60%][0m
test/unit/test_codebase_federated_history.py::test_invalid_model_rejected_before_native_read[ leading] [32mPASSED[0m[32m [ 62%][0m
test/unit/test_codebase_federated_history.py::test_invalid_model_rejected_before_native_read[model\n] [32mPASSED[0m[32m [ 65%][0m
test/unit/test_codebase_federated_history.py::test_invalid_model_rejected_before_native_read[mmmmmmmmmmmmmmmmmmmmmmmmmmmmmmmmmmmmmmmmmmmmmmmmmmmmmmmmmmmmmmmmmmmmmmmmmmmmmmmmmmmmmmmmmmmmmmmmmmmmmmmmmmmmmmmmmmmmmmmmmmmmmmmmmmmmmmmmmmmmmmmmmmmmmmmmmmmmmmmmmmmmmmmmmmmmmmmmmmmmmmmmmmmmmmmmmmmmmmmmmmmmmmmmmmmmmmmmmmmmmmmmmmmmmmmmmmmmmmmmmmmmmmmmmmmmmmmmmmmmmmmmmmmmmmmmmmmmmmmmmmmmmmmmmmmmmmmmmmmmmmmmmmmmmmmmmmmmmmmmmmmmmmmmmmmmmmmmmmmmmmmmmmmmmmmmmmmmmmmmmmmmmmmmmmmmmmmmmmmmmmmmmmmmmmmmmmmmmmmmmmmmmmmmmmmmmmmmmmmmmmmmmmmmmmmmmmmmmmmmmmmmmmmmmmmmmmmmmmmmmmmmmmmmmmmmmmmmmmmmmmmmmmmmmmmmmmmmmmmmmmmmmmmmmmmmm] [32mPASSED[0m[32m [ 67%][0m
test/unit/test_codebase_federated_history.py::test_wrong_full_request_commitment_rejected_before_read [32mPASSED[0m[32m [ 70%][0m
test/unit/test_codebase_federated_history.py::test_nonnative_or_remote_queue_rejected_without_connection [32mPASSED[0m[32m [ 72%][0m
test/unit/test_codebase_federated_history.py::test_indexed_row_with_different_scope_is_rejected[task_type-other-task] [32mPASSED[0m[32m [ 75%][0m
test/unit/test_codebase_federated_history.py::test_indexed_row_with_different_scope_is_rejected[model_name-other-model] [32mPASSED[0m[32m [ 77%][0m
test/unit/test_codebase_federated_history.py::test_indexed_row_with_different_scope_is_rejected[payload_json-{"schema":"different"}] [32mPASSED[0m[32m [ 80%][0m
test/unit/test_codebase_federated_history.py::test_malformed_native_payload_is_rejected [32mPASSED[0m[32m [ 82%][0m
test/unit/test_codebase_federated_history.py::test_read_between_index_and_native_get_cannot_alias_changed_row[missing] [32mPASSED[0m[32m [ 85%][0m
test/unit/test_codebase_federated_history.py::test_read_between_index_and_native_get_cannot_alias_changed_row[key] [32mPASSED[0m[32m [ 87%][0m
test/unit/test_codebase_federated_history.py::test_read_between_index_and_native_get_cannot_alias_changed_row[task_id] [32mPASSED[0m[32m [ 90%][0m
test/unit/test_codebase_federated_history.py::test_read_between_index_and_native_get_cannot_alias_changed_row[extra] [32mPASSED[0m[32m [ 92%][0m
test/unit/test_codebase_federated_history.py::test_duplicate_corrupt_native_identity_is_rejected [32mPASSED[0m[32m [ 95%][0m
test/unit/test_codebase_federated_history.py::test_fresh_lookup_connection_closes_on_query_failure [32mPASSED[0m[32m [ 97%][0m
test/unit/test_codebase_federated_history.py::test_native_nonfinite_result_is_rejected_as_inert_json [32mPASSED[0m[32m [100%][0m

============================= slowest 10 durations =============================
0.07s call     unit/test_codebase_federated_history.py::test_detached_completed_row_survives_native_queue_restart
0.06s call     unit/test_codebase_federated_history.py::test_exact_index_recovers_after_native_inventory_bound[10000]
0.04s setup    unit/test_codebase_federated_history.py::test_invalid_request_identity_rejected_before_native_read[3]
0.04s call     unit/test_codebase_federated_history.py::test_exact_index_recovers_after_native_inventory_bound[1001]
0.04s setup    unit/test_codebase_federated_history.py::test_lookup_preserves_native_state_and_attempt_without_claiming[cancelled]
0.04s setup    unit/test_codebase_federated_history.py::test_indexed_row_with_different_scope_is_rejected[payload_json-{"schema":"different"}]
0.04s setup    unit/test_codebase_federated_history.py::test_lookup_preserves_native_state_and_attempt_without_claiming[completed]
0.04s setup    unit/test_codebase_federated_history.py::test_indexed_row_with_different_scope_is_rejected[task_type-other-task]
0.04s setup    unit/test_codebase_federated_history.py::test_invalid_model_rejected_before_native_read[mmmmmmmmmmmmmmmmmmmmmmmmmmmmmmmmmmmmmmmmmmmmmmmmmmmmmmmmmmmmmmmmmmmmmmmmmmmmmmmmmmmmmmmmmmmmmmmmmmmmmmmmmmmmmmmmmmmmmmmmmmmmmmmmmmmmmmmmmmmmmmmmmmmmmmmmmmmmmmmmmmmmmmmmmmmmmmmmmmmmmmmmmmmmmmmmmmmmmmmmmmmmmmmmmmmmmmmmmmmmmmmmmmmmmmmmmmmmmmmmmmmmmmmmmmmmmmmmmmmmmmmmmmmmmmmmmmmmmmmmmmmmmmmmmmmmmmmmmmmmmmmmmmmmmmmmmmmmmmmmmmmmmmmmmmmmmmmmmmmmmmmmmmmmmmmmmmmmmmmmmmmmmmmmmmmmmmmmmmmmmmmmmmmmmmmmmmmmmmmmmmmmmmmmmmmmmmmmmmmmmmmmmmmmmmmmmmmmmmmmmmmmmmmmmmmmmmmmmmmmmmmmmmmmmmmmmmmmmmmmmmmmmmmmmmmmmmmmmmmmmmmmmmmmmmmmm]
0.04s setup    unit/test_codebase_federated_history.py::test_indexed_row_with_different_scope_is_rejected[model_name-other-model]
[32m============================== [32m[1m40 passed[0m[32m in 3.06s[0m[32m ==============================[0m
