============================= test session starts ==============================
platform linux -- Python 3.12.3, pytest-9.1.1, pluggy-1.6.0
benchmark: 5.2.3 (defaults: timer=time.perf_counter disable_gc=False min_rounds=5 min_time=0.000005 max_time=1.0 calibration_precision=10 warmup=False warmup_iterations=100000)
rootdir: /tmp/ir-release-datasets-20261001
configfile: pytest.ini (WARNING: ignoring pytest config in pyproject.toml!)
plugins: mock-3.15.1, xdist-3.8.0, benchmark-5.2.3, cov-7.1.0, base-url-2.1.0, trio-0.8.0, typeguard-4.5.2, env-1.7.0, hypothesis-6.152.1, playwright-0.8.0, timeout-2.4.0
asyncio: mode=Mode.STRICT, debug=False, asyncio_default_fixture_loop_scope=function, asyncio_default_test_loop_scope=function
collected 3 items

tests/integration/logic/software_contracts/test_codebase_federation_qualification.py E [ 33%]
EE                                                                       [100%]

==================================== ERRORS ====================================
_ ERROR at setup of test_real_native_queue_source_training_binary_reduction_and_reset _
tests/integration/logic/software_contracts/test_codebase_federation_qualification.py:56: in current
    with envelope(value) as parent:
/usr/lib/python3.12/contextlib.py:137: in __enter__
    return next(self.gen)
           ^^^^^^^^^^^^^^
tests/integration/logic/software_contracts/test_codebase_federation_qualification.py:26: in envelope
    with bridge.RepositoryResourceBridge(local).reserve(repository_id='federation8d-real',workspace=value.root,
/usr/lib/python3.12/contextlib.py:137: in __enter__
    return next(self.gen)
           ^^^^^^^^^^^^^^
../ir-release-accelerate-20261001/ipfs_accelerate_py/agent_supervisor/runtime/repository_resource_bridge.py:310: in reserve
    native = shared.acquire(ResourceLane.ORCHESTRATION, cpu_slots=budget.cpu_slots,
ipfs_datasets_py/optimizers/logic_theorem_optimizer/resource_scheduler.py:1502: in acquire
    raise LeaseTimeoutError("timed out waiting for a resource lease")
E   ipfs_datasets_py.optimizers.logic_theorem_optimizer.resource_scheduler.LeaseTimeoutError: timed out waiting for a resource lease
_ ERROR at setup of test_completed_exact_retry_and_historical_load_do_not_fit __
tests/integration/logic/software_contracts/test_codebase_federation_qualification.py:56: in current
    with envelope(value) as parent:
/usr/lib/python3.12/contextlib.py:137: in __enter__
    return next(self.gen)
           ^^^^^^^^^^^^^^
tests/integration/logic/software_contracts/test_codebase_federation_qualification.py:26: in envelope
    with bridge.RepositoryResourceBridge(local).reserve(repository_id='federation8d-real',workspace=value.root,
/usr/lib/python3.12/contextlib.py:137: in __enter__
    return next(self.gen)
           ^^^^^^^^^^^^^^
../ir-release-accelerate-20261001/ipfs_accelerate_py/agent_supervisor/runtime/repository_resource_bridge.py:310: in reserve
    native = shared.acquire(ResourceLane.ORCHESTRATION, cpu_slots=budget.cpu_slots,
ipfs_datasets_py/optimizers/logic_theorem_optimizer/resource_scheduler.py:1502: in acquire
    raise LeaseTimeoutError("timed out waiting for a resource lease")
E   ipfs_datasets_py.optimizers.logic_theorem_optimizer.resource_scheduler.LeaseTimeoutError: timed out waiting for a resource lease
_ ERROR at setup of test_independent_decoder_rejects_self_consistent_favorable_saved_diagnostics _
tests/integration/logic/software_contracts/test_codebase_federation_qualification.py:56: in current
    with envelope(value) as parent:
/usr/lib/python3.12/contextlib.py:137: in __enter__
    return next(self.gen)
           ^^^^^^^^^^^^^^
tests/integration/logic/software_contracts/test_codebase_federation_qualification.py:26: in envelope
    with bridge.RepositoryResourceBridge(local).reserve(repository_id='federation8d-real',workspace=value.root,
/usr/lib/python3.12/contextlib.py:137: in __enter__
    return next(self.gen)
           ^^^^^^^^^^^^^^
../ir-release-accelerate-20261001/ipfs_accelerate_py/agent_supervisor/runtime/repository_resource_bridge.py:310: in reserve
    native = shared.acquire(ResourceLane.ORCHESTRATION, cpu_slots=budget.cpu_slots,
ipfs_datasets_py/optimizers/logic_theorem_optimizer/resource_scheduler.py:1502: in acquire
    raise LeaseTimeoutError("timed out waiting for a resource lease")
E   ipfs_datasets_py.optimizers.logic_theorem_optimizer.resource_scheduler.LeaseTimeoutError: timed out waiting for a resource lease
=========================== short test summary info ============================
ERROR tests/integration/logic/software_contracts/test_codebase_federation_qualification.py::test_real_native_queue_source_training_binary_reduction_and_reset
ERROR tests/integration/logic/software_contracts/test_codebase_federation_qualification.py::test_completed_exact_retry_and_historical_load_do_not_fit
ERROR tests/integration/logic/software_contracts/test_codebase_federation_qualification.py::test_independent_decoder_rejects_self_consistent_favorable_saved_diagnostics
======================== 3 errors in 180.74s (0:03:00) =========================
