============================= test session starts ==============================
platform linux -- Python 3.12.3, pytest-9.1.1, pluggy-1.6.0
benchmark: 5.2.3 (defaults: timer=time.perf_counter disable_gc=False min_rounds=5 min_time=0.000005 max_time=1.0 calibration_precision=10 warmup=False warmup_iterations=100000)
rootdir: /tmp/ir-release-datasets-20261001
configfile: pytest.ini (WARNING: ignoring pytest config in pyproject.toml!)
plugins: mock-3.15.1, xdist-3.8.0, benchmark-5.2.3, cov-7.1.0, base-url-2.1.0, trio-0.8.0, typeguard-4.5.2, env-1.7.0, hypothesis-6.152.1, playwright-0.8.0, timeout-2.4.0
asyncio: mode=Mode.STRICT, debug=False, asyncio_default_fixture_loop_scope=function, asyncio_default_test_loop_scope=function
collected 237 items

tests/unit/optimizers/logic_theorem_optimizer/test_autoencoder_federated.py . [  0%]
....................................................................     [ 29%]
tests/unit/optimizers/logic_theorem_optimizer/test_autoencoder_federated_update_codec.py . [ 29%]
.......................                                                  [ 39%]
tests/unit/optimizers/logic_theorem_optimizer/test_autoencoder_training_sync.py . [ 39%]
........................................................................ [ 70%]
.....                                                                    [ 72%]
tests/unit/optimizers/logic_theorem_optimizer/test_codebase_federated_sync.py . [ 72%]
...............................................                          [ 92%]
tests/unit/duckdb_control/test_autoencoder_federated.py ............     [ 97%]
tests/unit/optimizers/logic_theorem_optimizer/test_codebase_source_feature_worker_protocol.py . [ 97%]
.....                                                                    [100%]

============================= 237 passed in 2.80s ==============================
