============================= test session starts ==============================
platform linux -- Python 3.12.3, pytest-9.1.1, pluggy-1.6.0
benchmark: 5.2.3 (defaults: timer=time.perf_counter disable_gc=False min_rounds=5 min_time=0.000005 max_time=1.0 calibration_precision=10 warmup=False warmup_iterations=100000)
rootdir: /tmp/ir-release-datasets-20261001
configfile: pytest.ini (WARNING: ignoring pytest config in pyproject.toml!)
plugins: mock-3.15.1, xdist-3.8.0, benchmark-5.2.3, cov-7.1.0, base-url-2.1.0, trio-0.8.0, typeguard-4.5.2, env-1.7.0, hypothesis-6.152.1, playwright-0.8.0, timeout-2.4.0
asyncio: mode=Mode.STRICT, debug=False, asyncio_default_fixture_loop_scope=function, asyncio_default_test_loop_scope=function
collected 5 items

tests/integration/logic/software_contracts/test_codebase_federation_qualification.py E [ 20%]
EEEE                                                                     [100%]

==================================== ERRORS ====================================
_ ERROR at setup of test_real_native_queue_source_training_binary_reduction_and_reset _
tests/integration/logic/software_contracts/test_codebase_federation_qualification.py:58: in current
    with envelope(value) as parent:
/usr/lib/python3.12/contextlib.py:137: in __enter__
    return next(self.gen)
           ^^^^^^^^^^^^^^
tests/integration/logic/software_contracts/test_codebase_federation_qualification.py:27: in envelope
    with bridge.RepositoryResourceBridge(local).reserve(repository_id='federation8d-real',workspace=value.root,
/usr/lib/python3.12/contextlib.py:137: in __enter__
    return next(self.gen)
           ^^^^^^^^^^^^^^
../ir-release-accelerate-20261001/ipfs_accelerate_py/agent_supervisor/runtime/repository_resource_bridge.py:303: in reserve
    _require(local is not None and decision.admitted, "supervisor lane policy refused repository envelope: " + decision.reason)
../ir-release-accelerate-20261001/ipfs_accelerate_py/agent_supervisor/runtime/repository_resource_bridge.py:56: in _require
    raise RepositoryResourceError(message)
E   ipfs_accelerate_py.agent_supervisor.runtime.repository_resource_bridge.RepositoryResourceError: supervisor lane policy refused repository envelope: host_disk_high_watermark
_ ERROR at setup of test_completed_exact_retry_and_historical_load_do_not_fit __
tests/integration/logic/software_contracts/test_codebase_federation_qualification.py:58: in current
    with envelope(value) as parent:
/usr/lib/python3.12/contextlib.py:137: in __enter__
    return next(self.gen)
           ^^^^^^^^^^^^^^
tests/integration/logic/software_contracts/test_codebase_federation_qualification.py:27: in envelope
    with bridge.RepositoryResourceBridge(local).reserve(repository_id='federation8d-real',workspace=value.root,
/usr/lib/python3.12/contextlib.py:137: in __enter__
    return next(self.gen)
           ^^^^^^^^^^^^^^
../ir-release-accelerate-20261001/ipfs_accelerate_py/agent_supervisor/runtime/repository_resource_bridge.py:303: in reserve
    _require(local is not None and decision.admitted, "supervisor lane policy refused repository envelope: " + decision.reason)
../ir-release-accelerate-20261001/ipfs_accelerate_py/agent_supervisor/runtime/repository_resource_bridge.py:56: in _require
    raise RepositoryResourceError(message)
E   ipfs_accelerate_py.agent_supervisor.runtime.repository_resource_bridge.RepositoryResourceError: supervisor lane policy refused repository envelope: host_disk_high_watermark
_ ERROR at setup of test_independent_decoder_rejects_self_consistent_favorable_saved_diagnostics _
tests/integration/logic/software_contracts/test_codebase_federation_qualification.py:58: in current
    with envelope(value) as parent:
/usr/lib/python3.12/contextlib.py:137: in __enter__
    return next(self.gen)
           ^^^^^^^^^^^^^^
tests/integration/logic/software_contracts/test_codebase_federation_qualification.py:27: in envelope
    with bridge.RepositoryResourceBridge(local).reserve(repository_id='federation8d-real',workspace=value.root,
/usr/lib/python3.12/contextlib.py:137: in __enter__
    return next(self.gen)
           ^^^^^^^^^^^^^^
../ir-release-accelerate-20261001/ipfs_accelerate_py/agent_supervisor/runtime/repository_resource_bridge.py:303: in reserve
    _require(local is not None and decision.admitted, "supervisor lane policy refused repository envelope: " + decision.reason)
../ir-release-accelerate-20261001/ipfs_accelerate_py/agent_supervisor/runtime/repository_resource_bridge.py:56: in _require
    raise RepositoryResourceError(message)
E   ipfs_accelerate_py.agent_supervisor.runtime.repository_resource_bridge.RepositoryResourceError: supervisor lane policy refused repository envelope: host_disk_high_watermark
_ ERROR at setup of test_owner_retention_replays_actual_weights_and_cas_is_parent_bound _
tests/integration/logic/software_contracts/test_codebase_federation_qualification.py:58: in current
    with envelope(value) as parent:
/usr/lib/python3.12/contextlib.py:137: in __enter__
    return next(self.gen)
           ^^^^^^^^^^^^^^
tests/integration/logic/software_contracts/test_codebase_federation_qualification.py:27: in envelope
    with bridge.RepositoryResourceBridge(local).reserve(repository_id='federation8d-real',workspace=value.root,
/usr/lib/python3.12/contextlib.py:137: in __enter__
    return next(self.gen)
           ^^^^^^^^^^^^^^
../ir-release-accelerate-20261001/ipfs_accelerate_py/agent_supervisor/runtime/repository_resource_bridge.py:303: in reserve
    _require(local is not None and decision.admitted, "supervisor lane policy refused repository envelope: " + decision.reason)
../ir-release-accelerate-20261001/ipfs_accelerate_py/agent_supervisor/runtime/repository_resource_bridge.py:56: in _require
    raise RepositoryResourceError(message)
E   ipfs_accelerate_py.agent_supervisor.runtime.repository_resource_bridge.RepositoryResourceError: supervisor lane policy refused repository envelope: host_disk_high_watermark
_ ERROR at setup of test_caller_favorable_metrics_cannot_replace_independent_policy _
tests/integration/logic/software_contracts/test_codebase_federation_qualification.py:58: in current
    with envelope(value) as parent:
/usr/lib/python3.12/contextlib.py:137: in __enter__
    return next(self.gen)
           ^^^^^^^^^^^^^^
tests/integration/logic/software_contracts/test_codebase_federation_qualification.py:27: in envelope
    with bridge.RepositoryResourceBridge(local).reserve(repository_id='federation8d-real',workspace=value.root,
/usr/lib/python3.12/contextlib.py:137: in __enter__
    return next(self.gen)
           ^^^^^^^^^^^^^^
../ir-release-accelerate-20261001/ipfs_accelerate_py/agent_supervisor/runtime/repository_resource_bridge.py:303: in reserve
    _require(local is not None and decision.admitted, "supervisor lane policy refused repository envelope: " + decision.reason)
../ir-release-accelerate-20261001/ipfs_accelerate_py/agent_supervisor/runtime/repository_resource_bridge.py:56: in _require
    raise RepositoryResourceError(message)
E   ipfs_accelerate_py.agent_supervisor.runtime.repository_resource_bridge.RepositoryResourceError: supervisor lane policy refused repository envelope: host_disk_high_watermark
=========================== short test summary info ============================
ERROR tests/integration/logic/software_contracts/test_codebase_federation_qualification.py::test_real_native_queue_source_training_binary_reduction_and_reset
ERROR tests/integration/logic/software_contracts/test_codebase_federation_qualification.py::test_completed_exact_retry_and_historical_load_do_not_fit
ERROR tests/integration/logic/software_contracts/test_codebase_federation_qualification.py::test_independent_decoder_rejects_self_consistent_favorable_saved_diagnostics
ERROR tests/integration/logic/software_contracts/test_codebase_federation_qualification.py::test_owner_retention_replays_actual_weights_and_cas_is_parent_bound
ERROR tests/integration/logic/software_contracts/test_codebase_federation_qualification.py::test_caller_favorable_metrics_cannot_replace_independent_policy
============================== 5 errors in 0.80s ===============================
