============================= test session starts ==============================
platform linux -- Python 3.12.3, pytest-9.1.1, pluggy-1.6.0
benchmark: 5.2.3 (defaults: timer=time.perf_counter disable_gc=False min_rounds=5 min_time=0.000005 max_time=1.0 calibration_precision=10 warmup=False warmup_iterations=100000)
rootdir: /tmp/ir-release-datasets-20261001
configfile: pytest.ini (WARNING: ignoring pytest config in pyproject.toml!)
plugins: mock-3.15.1, xdist-3.8.0, benchmark-5.2.3, cov-7.1.0, base-url-2.1.0, trio-0.8.0, typeguard-4.5.2, env-1.7.0, hypothesis-6.152.1, playwright-0.8.0, timeout-2.4.0
asyncio: mode=Mode.STRICT, debug=False, asyncio_default_fixture_loop_scope=function, asyncio_default_test_loop_scope=function
collected 0 items / 1 error

==================================== ERRORS ====================================
_ ERROR collecting tests/integration/logic/software_contracts/test_codebase_runtime_384.py _
ImportError while importing test module '/tmp/ir-release-datasets-20261001/tests/integration/logic/software_contracts/test_codebase_runtime_384.py'.
Hint: make sure your test modules/packages have valid Python names.
Traceback:
tests/integration/logic/software_contracts/test_codebase_runtime_384.py:8: in <module>
    from test_codebase_training_lifecycle import current, envelope
E   ModuleNotFoundError: No module named 'test_codebase_training_lifecycle'
=========================== short test summary info ============================
ERROR tests/integration/logic/software_contracts/test_codebase_runtime_384.py
!!!!!!!!!!!!!!!!!!!! Interrupted: 1 error during collection !!!!!!!!!!!!!!!!!!!!
=============================== 1 error in 0.09s ===============================
