============================= test session starts ==============================
platform linux -- Python 3.12.3, pytest-9.1.1, pluggy-1.6.0
benchmark: 5.2.3 (defaults: timer=time.perf_counter disable_gc=False min_rounds=5 min_time=0.000005 max_time=1.0 calibration_precision=10 warmup=False warmup_iterations=100000)
rootdir: /home/barberb/lift_coding/external/ipfs_datasets
configfile: pytest.ini (WARNING: ignoring pytest config in pyproject.toml!)
plugins: mock-3.15.1, xdist-3.8.0, benchmark-5.2.3, cov-7.1.0, base-url-2.1.0, trio-0.8.0, typeguard-4.5.2, env-1.7.0, hypothesis-6.152.1, playwright-0.8.0, timeout-2.4.0
asyncio: mode=Mode.STRICT, debug=False, asyncio_default_fixture_loop_scope=function, asyncio_default_test_loop_scope=function
collected 938 items

tests/unit/logic/test_autoformal.py .................................... [  3%]
........................                                                 [  6%]
tests/unit/logic/test_autoformal_speed_semantics.py .................    [  8%]
tests/unit/logic/test_family_qualification.py .......................... [ 10%]
.......................                                                  [ 13%]
tests/unit/optimizers/logic_theorem_optimizer/test_autoencoder_candidate_qualification.py . [ 13%]
........................................                                 [ 17%]
tests/unit/optimizers/logic_theorem_optimizer/test_autoencoder_capacity.py . [ 17%]
.......................................                                  [ 22%]
tests/unit/optimizers/logic_theorem_optimizer/test_autoencoder_daemon_resources.py . [ 22%]
......................................................................   [ 29%]
tests/unit/optimizers/logic_theorem_optimizer/test_autoencoder_distributed_training.py . [ 29%]
..........................................................               [ 35%]
tests/unit/optimizers/logic_theorem_optimizer/test_autoencoder_inference.py . [ 36%]
........................                                                 [ 38%]
tests/unit/optimizers/logic_theorem_optimizer/test_autoencoder_native_pool.py . [ 38%]
....                                                                     [ 39%]
tests/unit/optimizers/logic_theorem_optimizer/test_autoencoder_paths.py . [ 39%]
....................................................                     [ 44%]
tests/unit/optimizers/logic_theorem_optimizer/test_autoencoder_qualified_training.py . [ 44%]
.................................                                        [ 48%]
tests/unit/optimizers/logic_theorem_optimizer/test_autoencoder_source_manifest.py . [ 48%]
.......                                                                  [ 49%]
tests/unit/optimizers/logic_theorem_optimizer/test_autoencoder_training_coordinator.py . [ 49%]
........................................................................ [ 57%]
............................                                             [ 60%]
tests/unit/optimizers/logic_theorem_optimizer/test_autoencoder_training_worker.py . [ 60%]
........................................................................ [ 67%]
........................................................................ [ 75%]
............                                                             [ 76%]
tests/unit/optimizers/logic_theorem_optimizer/test_incremental_autoencoders_cli.py . [ 76%]
..........................                                               [ 79%]
tests/unit/optimizers/logic_theorem_optimizer/test_modal_autoencoder_composed_refinement.py . [ 79%]
................................                                         [ 83%]
tests/unit/optimizers/logic_theorem_optimizer/test_modal_autoencoder_observability.py . [ 83%]
.................                                                        [ 85%]
tests/unit/optimizers/logic_theorem_optimizer/test_prepare_shared_autoencoder_targets.py . [ 85%]
..........................                                               [ 87%]
tests/unit/optimizers/logic_theorem_optimizer/test_run_autoencoder_fleet.py . [ 88%]
.......................                                                  [ 90%]
tests/unit/logic/modal/test_modal_lazy_exports.py ......                 [ 91%]
tests/unit/optimizers/logic_theorem_optimizer/test_modal_autoencoder_tracking_fastpath.py . [ 91%]
....................                                                     [ 93%]
tests/unit/optimizers/logic_theorem_optimizer/test_daemon_resource_inventory_lexical.py . [ 93%]
.......                                                                  [ 94%]
tests/unit/optimizers/logic_theorem_optimizer/test_daemon_resource_inventory_concurrency.py . [ 94%]
..................................                                       [ 97%]
tests/unit/optimizers/logic_theorem_optimizer/test_daemon_resource_lock_contention.py . [ 98%]
..................                                                       [100%]

- generated xml file: /home/barberb/lift_coding/external/ipfs_datasets/workspace/test-logs/federal-corpus-audits/autoencoder-parallel-20260929/readiness.xml -
======================= 938 passed in 111.25s (0:01:51) ========================
