logic tree pin compiler=/home/barberb/lift_coding/external/ipfs_datasets/ipfs_datasets_py/logic/legal_ir/canonical_compiler.py decompiler=/home/barberb/lift_coding/external/ipfs_datasets/ipfs_datasets_py/logic/legal_ir/canonical_decompiler.py parser=/home/barberb/lift_coding/external/ipfs_datasets/ipfs_datasets_py/logic/deontic/utils/deontic_parser.py
logic tree pin compiler=/home/barberb/lift_coding/external/ipfs_datasets/ipfs_datasets_py/logic/legal_ir/canonical_compiler.py decompiler=/home/barberb/lift_coding/external/ipfs_datasets/ipfs_datasets_py/logic/legal_ir/canonical_decompiler.py parser=/home/barberb/lift_coding/external/ipfs_datasets/ipfs_datasets_py/logic/deontic/utils/deontic_parser.py
{"config_sha256": "412bfc84799afba4cb7415b8c4edaf3cb637318a71f50402253b99cf2ad241eb", "monotonic_ns": 1120487574479725, "native_started": false, "pid": 3385808, "runtime_root": "/home/barberb/lift_coding/external/ipfs_datasets/workspace/test-logs/federal-corpus-audits/concurrent-autoformal-diagnosis-20260927/capture-r4/supervisor/lanes/training", "stage": "ready", "utc": "2026-09-27T23:36:20.939697+00:00"}
logic tree pin compiler=/home/barberb/lift_coding/external/ipfs_datasets/ipfs_datasets_py/logic/legal_ir/canonical_compiler.py decompiler=/home/barberb/lift_coding/external/ipfs_datasets/ipfs_datasets_py/logic/legal_ir/canonical_decompiler.py parser=/home/barberb/lift_coding/external/ipfs_datasets/ipfs_datasets_py/logic/deontic/utils/deontic_parser.py
logic tree pin compiler=/home/barberb/lift_coding/external/ipfs_datasets/ipfs_datasets_py/logic/legal_ir/canonical_compiler.py decompiler=/home/barberb/lift_coding/external/ipfs_datasets/ipfs_datasets_py/logic/legal_ir/canonical_decompiler.py parser=/home/barberb/lift_coding/external/ipfs_datasets/ipfs_datasets_py/logic/deontic/utils/deontic_parser.py
logic tree pin compiler=/home/barberb/lift_coding/external/ipfs_datasets/ipfs_datasets_py/logic/legal_ir/canonical_compiler.py decompiler=/home/barberb/lift_coding/external/ipfs_datasets/ipfs_datasets_py/logic/legal_ir/canonical_decompiler.py parser=/home/barberb/lift_coding/external/ipfs_datasets/ipfs_datasets_py/logic/deontic/utils/deontic_parser.py
[ipfs_datasets_py] ergoai: resolving managed ErgoAI for ErgoAIWrapper requested
[ipfs_datasets_py] ergoai: checking whether ergoai is already available
[ipfs_datasets_py] ergoai: installation started because ErgoAIWrapper requested
[ipfs_datasets_py] ergoai: installation did not make the prover available
[ipfs_datasets_py] ergoai: resolving managed ErgoAI for ErgoAIWrapper requested
[ipfs_datasets_py] ergoai: resolving managed ErgoAI for ErgoAIWrapper requested
[ipfs_datasets_py] ergoai: resolving managed ErgoAI for ErgoAIWrapper requested
[ipfs_datasets_py] ergoai: resolving managed ErgoAI for ErgoAIWrapper requested
logic tree pin compiler=/home/barberb/lift_coding/external/ipfs_datasets/ipfs_datasets_py/logic/legal_ir/canonical_compiler.py decompiler=/home/barberb/lift_coding/external/ipfs_datasets/ipfs_datasets_py/logic/legal_ir/canonical_decompiler.py parser=/home/barberb/lift_coding/external/ipfs_datasets/ipfs_datasets_py/logic/deontic/utils/deontic_parser.py
{"admitted": false, "all_bridge_reports_accepted": true, "all_requested_bridge_reports_received": true, "artifact_observed_and_verified": true, "exit_code": 0, "source_unchanged": true}
{"job_sha256": "02603b8566a14eaaf64c5cdd143cedae302c28d471fc195ac3c588a62f7e7a33", "monotonic_ns": 1120544177683789, "pid": 3385808, "stage": "native_worker_entry", "timing_scope": "unmodified worker including state load and sample preparation", "tree_paths": {"compiler": "/home/barberb/lift_coding/external/ipfs_datasets/ipfs_datasets_py/logic/legal_ir/canonical_compiler.py", "decompiler": "/home/barberb/lift_coding/external/ipfs_datasets/ipfs_datasets_py/logic/legal_ir/canonical_decompiler.py", "parser": "/home/barberb/lift_coding/external/ipfs_datasets/ipfs_datasets_py/logic/deontic/utils/deontic_parser.py"}, "utc": "2026-09-27T23:37:17.542901+00:00"}
logic tree pin compiler=/home/barberb/lift_coding/external/ipfs_datasets/ipfs_datasets_py/logic/legal_ir/canonical_compiler.py decompiler=/home/barberb/lift_coding/external/ipfs_datasets/ipfs_datasets_py/logic/legal_ir/canonical_decompiler.py parser=/home/barberb/lift_coding/external/ipfs_datasets/ipfs_datasets_py/logic/deontic/utils/deontic_parser.py
logic tree pin compiler=/home/barberb/lift_coding/external/ipfs_datasets/ipfs_datasets_py/logic/legal_ir/canonical_compiler.py decompiler=/home/barberb/lift_coding/external/ipfs_datasets/ipfs_datasets_py/logic/legal_ir/canonical_decompiler.py parser=/home/barberb/lift_coding/external/ipfs_datasets/ipfs_datasets_py/logic/deontic/utils/deontic_parser.py
{"monotonic_ns": 1120553443307391, "pid": 3385808, "stage": "native_training_method_entry", "timing_scope": "unmodified train_generalizable_projection local PY_START event", "utc": "2026-09-27T23:37:26.808522+00:00"}
{"accepted_epochs": 1, "monotonic_ns": 1120695856779097, "pid": 3385808, "stage": "native_training_method_exit", "timing_scope": "unmodified train_generalizable_projection local PY_RETURN event", "utc": "2026-09-27T23:39:49.221994+00:00"}
logic tree pin compiler=/home/barberb/lift_coding/external/ipfs_datasets/ipfs_datasets_py/logic/legal_ir/canonical_compiler.py decompiler=/home/barberb/lift_coding/external/ipfs_datasets/ipfs_datasets_py/logic/legal_ir/canonical_decompiler.py parser=/home/barberb/lift_coding/external/ipfs_datasets/ipfs_datasets_py/logic/deontic/utils/deontic_parser.py
{"accepted_epochs": 1, "monotonic_ns": 1120720886673097, "pid": 3385808, "stage": "native_worker_exit", "utc": "2026-09-27T23:40:14.251889+00:00"}
{"completed": true, "monotonic_ns": 1120721513108125, "optimizer_accepted_epochs": 1, "pid": 3385808, "stage": "complete", "utc": "2026-09-27T23:40:14.878323+00:00"}
