{"stage": "source_phase_started", "phase": "cli_total"}
{"stage": "source_phase_started", "phase": "cli_resumed_ingestion"}
{"stage": "source_phase_finished", "phase": "cli_resumed_ingestion", "wall_seconds": 16.685080522089265}
{"stage": "source_phase_started", "phase": "cli_containment"}
{"stage": "source_phase_finished", "phase": "cli_containment", "wall_seconds": 84.65625652903691}
{"stage": "source_phase_started", "phase": "cli_export_with_validation"}
{"stage": "source_phase_finished", "phase": "cli_export_with_validation", "wall_seconds": 111.28347552602645}
{"stage": "source_phase_finished", "phase": "cli_total", "wall_seconds": 212.84214714402333}
logic tree pin compiler=/home/barberb/lift_coding/external/ipfs_datasets/ipfs_datasets_py/logic/legal_ir/canonical_compiler.py decompiler=/home/barberb/lift_coding/external/ipfs_datasets/ipfs_datasets_py/logic/legal_ir/canonical_decompiler.py parser=/home/barberb/lift_coding/external/ipfs_datasets/ipfs_datasets_py/logic/deontic/utils/deontic_parser.py
logic tree pin compiler=/home/barberb/lift_coding/external/ipfs_datasets/ipfs_datasets_py/logic/legal_ir/canonical_compiler.py decompiler=/home/barberb/lift_coding/external/ipfs_datasets/ipfs_datasets_py/logic/legal_ir/canonical_decompiler.py parser=/home/barberb/lift_coding/external/ipfs_datasets/ipfs_datasets_py/logic/deontic/utils/deontic_parser.py
logic tree pin compiler=/home/barberb/lift_coding/external/ipfs_datasets/ipfs_datasets_py/logic/legal_ir/canonical_compiler.py decompiler=/home/barberb/lift_coding/external/ipfs_datasets/ipfs_datasets_py/logic/legal_ir/canonical_decompiler.py parser=/home/barberb/lift_coding/external/ipfs_datasets/ipfs_datasets_py/logic/deontic/utils/deontic_parser.py
Traceback (most recent call last):
  File "/home/barberb/lift_coding/external/ipfs_datasets/workspace/test-logs/federal-corpus-audits/entity-v2-full-source-20260927/source_checks.py", line 493, in <module>
    main()
  File "/home/barberb/lift_coding/external/ipfs_datasets/workspace/test-logs/federal-corpus-audits/entity-v2-full-source-20260927/source_checks.py", line 378, in main
    cli_report = json.loads(cli_stdout.getvalue())
                 ^^^^^^^^^^^^^^^^^^^^^^^^^^^^^^^^^
  File "/usr/lib/python3.12/json/__init__.py", line 346, in loads
    return _default_decoder.decode(s)
           ^^^^^^^^^^^^^^^^^^^^^^^^^^
  File "/usr/lib/python3.12/json/decoder.py", line 337, in decode
    obj, end = self.raw_decode(s, idx=_w(s, 0).end())
               ^^^^^^^^^^^^^^^^^^^^^^^^^^^^^^^^^^^^^^
  File "/usr/lib/python3.12/json/decoder.py", line 355, in raw_decode
    raise JSONDecodeError("Expecting value", s, err.value) from None
json.decoder.JSONDecodeError: Expecting value: line 1 column 1 (char 0)
